Starting cygwin install, version 2.903
User has backup/restore rights
Current Directory: C:\Users\appveyor\AppData\Local\Temp\1/cygwin-installation-files
Could not open service McShield for query, start and stop. McAfee may not be installed, or we don't have access.
root: C:\projects\windows-toolchain\toolchain\cygwin64 system
Selected local directory: C:\Users\appveyor\AppData\Local\Temp\1/cygwin-installation-files
net: Preconfig
site: http://mirrors.kernel.org/sourceware/cygwin/
HTTP status 404 fetching http://mirrors.kernel.org/sourceware/cygwin/x86_64/setup.zst.sig
HTTP status 404 fetching http://mirrors.kernel.org/sourceware/cygwin/x86_64/setup.zst
gcrypt: rsa_verify data: [160 bit]
gcrypt:                  62fb7041e7a6807fd5ece5ec284c4ca8b53f7727
gcrypt: dsa_verify data: [160 bit]
gcrypt:                  62fb7041e7a6807fd5ece5ec284c4ca8b53f7727
gcrypt: dsa_verify  s_r:+9d9b322b15c92acd5fe86958da6d72cea198aeea
gcrypt: dsa_verify  s_s:+663f75dc87afafae22a3a260e151cf551e1ad699
gcrypt: dsa_verify    p:+b96e7de7db21b47aa365a60fc3ec39195d07c550164dd43e2c2ff36c5ca21242 \
gcrypt:                  403716c8937a70d80cc142cb73498820dc8a1269acfdb1b3815cdb9304726278 \
gcrypt:                  8fd5fdddb095e03b47bf6daa3b55d61a4c6bfd74096716265311617b304e0997 \
gcrypt:                  7ec178abd22cc8b06821475f9e8ba8bebcbe26458cbcc293022b07fc5f4a91cb
gcrypt: dsa_verify    q:+d65d896bdd4fb133ba8ad55400260cbca3450871
gcrypt: dsa_verify    g:+17a7506fa4611721f581ee0f01bd2f19218304846743481948192c73181d90e5 \
gcrypt:                  716051a15eae3dca9ada22acf2fbc010d31c196aa8f9fb91c9c190ebece5167d \
gcrypt:                  bd2281eb73130c336ed5a627d0f7537902a81230f3881642ac7b654d150da32f \
gcrypt:                  8b7535f7506b346f6688f0917b9863d901d7a8746366667b53ede51802ff02e1
gcrypt: dsa_verify    y:+2592db6bb37125ce400e66dad3c22eed0899cd47cff95589d577adcd106c805e \
gcrypt:                  4feaada954a103be18d41f657254bc2a182218a71e1eefcdfa8c4f69758068b4 \
gcrypt:                  16e4942d7ddd6398ec9b455cbbe7fb5cb943a04babc75bc3602bfef500014030 \
gcrypt:                  cf5ee649939e690c6d5341bbc0155f14eb059d088e61070709b037f02cccf137
io_stream_cygfile: fopen(/etc/setup/timestamp) failed 2 No such file or directory
io_stream_cygfile: fopen(/etc/setup/installed.db) failed 2 No such file or directory
solving: 61 tasks, update: yes, use test packages: no
solving: 174 tasks, update: no, use test packages: no
Augmented Transaction List:
   0 install base-cygwin              3.8-1                  
   1 install cygwin                   3.1.4-1                
   2 install cygwin-devel             3.1.4-1                
   3 install libpipeline1             1.5.1-1                
   4 install libpopt-common           1.16-2                 
   5 install libssh-common            0.8.7-1                
   6 install libtirpc-common          1.1.4-1                
   7 install perl_autorebase          5.30.2-1               
   8 install publicsuffix-list-dafsa  20190717-1             
   9 install python-pip-wheel         19.2.3-1               
  10 install python-setuptools-wheel  41.2.0-1               
  11 install terminfo                 6.1-1.20190727         
  12 install tzdata                   2019c-1                
  13 install w32api-headers           7.0.0-1                
  14 install windows-default-manifest 6.4-1                  
  15 install zlib0                    1.2.11-1               
  16 install xxd                      8.1.1772-2             
  17 install which                    2.20-2                 
  18 install run                      1.3.4-2                
  19 install mintty                   3.1.4-1                
  20 install login                    1.13-1                 
  21 install libuv1                   1.32.0-1               
  22 install libtasn1_6               4.14-1                 
  23 install libsqlite3_0             3.30.0-1               
  24 install libsigsegv2              2.10-2                 
  25 install librhash0                1.3.9-1                
  26 install libprocps8               3.3.16-1               
  27 install libpkgconf3              1.6.0-1                
  28 install libpcre1                 8.43-1                 
  29 install libnghttp2_14            1.37.0-1               
  30 install libnettle6               3.4.1-1                
  31 install liblzma5                 5.2.4-1                
  32 install liblz4_1                 1.7.5-1                
  33 install libltdl7                 2.4.6-7                
  34 install libiconv2                1.14-3                 
  35 install libgmp10                 6.2.0-2                
  36 install libgcc1                  9.3.0-1                
  37 install libffi6                  3.2.1-2                
  38 install libexpat1                2.2.6-1                
  39 install libcrypt2                4.4.4-1                
  40 install libcrypt0                2.1-1                  
  41 install libcbor                  0.5.0-1                
  42 install libbz2_1                 1.0.8-1                
  43 install libbrotlicommon1         1.0.7-1                
  44 install libatomic1               9.3.0-1                
  45 install libargp                  20110921-3             
  46 install ipc-utils                1.0-2                  
  47 install hostname                 3.13-1                 
  48 install editrights               1.03-1                 
  49 install dash                     0.5.9.1-1              
  50 install cygrunsrv                1.62-1                 
  51 install terminfo-extra           6.1-1.20190727         
  52 install w32api-runtime           7.0.0-1                
  53 install file                     5.32-1                 
  54 install pkgconf                  1.6.0-1                
  55 install rsync                    3.1.2-1                
  56 install libintl8                 0.19.8.1-2             
  57 install libisl22                 0.22.1-2               
  58 install libhogweed4              3.4.1-1                
  59 install libunistring2            0.9.10-1               
  60 install libstdc++6               9.3.0-1                
  61 install libquadmath0             9.3.0-1                
  62 install libmpfr6                 4.0.2-1                
  63 install libgomp1                 9.3.0-1                
  64 install libgc1                   8.0.4-1                
  65 install libcom_err2              1.44.5-1               
  66 install perl_base                5.30.2-1               
  67 install libbrotlidec1            1.0.7-1                
  68 install getent                   2.18.90-4              
  69 install _autorebase              001007-1               
  70 install libncursesw10            6.1-1.20190727         
  71 install sed                      4.4-1                  
  72 install libuuid1                 2.33.1-1               
  73 install libsmartcols1            2.33.1-1               
  74 install libpopt0                 1.16-2                 
  75 install libp11-kit0              0.23.15-1              
  76 install libkrb5support0          1.15.2-2               
  77 install libiconv                 1.14-3                 
  78 install libgdbm6                 1.18.1-1               
  79 install libgdbm4                 1.13-1                 
  80 install libattr1                 2.4.48-2               
  81 install diffutils                3.5-2                  
  82 install binutils                 2.34+1git.de9c1b7cfe-1 
  83 install alternatives             1.3.30c-10             
  84 install libidn2_0                2.2.0-1                
  85 install ninja                    1.10.0-1               
  86 install libjsoncpp19             1.8.4-1                
  87 install libdb5.3                 5.3.28-2               
  88 install astyle                   2.06-1                 
  89 install libgfortran4             7.4.0-1                
  90 install libmpc3                  1.1.0-1                
  91 install perl-TimeDate            2.32-1                 
  92 install perl-TermReadKey         2.38-2                 
  93 install perl-Error               0.17029-1              
  94 install vim-minimal              8.1.1772-2             
  95 install procps-ng                3.3.16-1               
  96 install ncurses                  6.1-1.20190727         
  97 install nano                     4.3-1                  
  98 install libreadline7             7.0.3-3                
  99 install libedit0                 20130712-1             
 100 install less                     551-1                  
 101 install info                     6.7-1                  
 102 install libblkid1                2.33.1-1               
 103 install cygutils                 1.4.16-2               
 104 install p11-kit-trust            0.23.15-1              
 105 install p11-kit                  0.23.15-1              
 106 install libk5crypto3             1.15.2-2               
 107 install libgdbm_compat4          1.18.1-1               
 108 install patch                    2.7.4-1                
 109 install libpsl5                  0.21.0-1               
 110 install liblapack0               3.9.0-2                
 111 install moreutils                0.62-1                 
 112 install libxml2                  2.9.9-2                
 113 install libguile2.2_1            2.2.7-1                
 114 install gawk                     5.0.1-1                
 115 install coreutils                8.26-2                 
 116 install libfdisk1                2.33.1-1               
 117 install libkrb5_3                1.15.2-2               
 118 install perl                     5.30.2-1               
 119 install libarchive13             3.3.2-1                
 120 install make                     4.3-1                  
 121 install bash                     4.4.12-3               
 122 install util-linux               2.33.1-1               
 123 install libgssapi_krb5_2         1.15.2-2               
 124 install perl-Scalar-List-Utils   1.54-1                 
 125 install tzcode                   2019c-1                
 126 install libtirpc3                1.1.4-1                
 127 install xz                       5.2.4-1                
 128 install unzip                    6.0-17                 
 129 install pkg-config               1.6.0-1                
 130 install gzip                     1.8-1                  
 131 install groff                    1.22.4-1               
 132 install grep                     3.0-2                  
 133 install gcc-core                 9.3.0-1                
 134 install findutils                4.6.0-1                
 135 install crypto-policies          20190218-1             
 136 install ca-certificates          2.32-1                 
 137 install bzip2                    1.0.8-1                
 138 install bash-completion          2.7-1                  
 139 install libnsl2                  1.2.0-1                
 140 install libuuid-devel            2.33.1-1               
 141 install man-db                   2.7.6.1-1              
 142 install rebase                   4.4.4-1                
 143 install csih                     0.9.11-1               
 144 install gcc-g++                  9.3.0-1                
 145 install base-files               4.3-2                  
 146 install libssl1.1                1.1.1d-1               
 147 install libgnutls30              3.6.9-1                
 148 install tar                      1.29-1                 
 149 install python36                 3.6.9-1                
 150 install python27                 2.7.16-1               
 151 install openssl                  1.1.1d-1               
 152 install libssh4                  0.8.7-1                
 153 install libopenldap2_4_2         2.4.49-1               
 154 install libfido2                 1.3.0-2                
 155 install wget                     1.19.1-2               
 156 install python36-setuptools      41.2.0-1               
 157 install python36-markupsafe      1.1.1-1                
 158 install python3                  3.6.8-1                
 159 install python27-setuptools      41.2.0-1               
 160 install python27-markupsafe      1.1.1-1                
 161 install gdb                      8.2.1-1                
 162 install libsasl2_3               2.1.27-1               
 163 install openssh                  8.2p1-1                
 164 install python36-pip             19.2.3-1               
 165 install python36-numpy           1.16.2-1               
 166 install python36-jinja2          2.10-1                 
 167 install python27-pip             19.2.3-1               
 168 install python27-numpy           1.16.2-1               
 169 install python27-jinja2          2.10-1                 
 170 install libcurl4                 7.66.0-1               
 171 install libcurl-devel            7.66.0-1               
 172 install git                      2.21.0-1               
 173 install cmake                    3.14.5-1               
Downloaded C:\Users\appveyor\AppData\Local\Temp\1/cygwin-installation-files/http%3a%2f%2fmirrors.kernel.org%2fsourceware%2fcygwin%2f/noarch/release/base-cygwin/base-cygwin-3.8-1.tar.xz
Downloaded C:\Users\appveyor\AppData\Local\Temp\1/cygwin-installation-files/http%3a%2f%2fmirrors.kernel.org%2fsourceware%2fcygwin%2f/x86_64/release/cygwin/cygwin-3.1.4-1.tar.xz
Downloaded C:\Users\appveyor\AppData\Local\Temp\1/cygwin-installation-files/http%3a%2f%2fmirrors.kernel.org%2fsourceware%2fcygwin%2f/x86_64/release/cygwin/cygwin-devel/cygwin-devel-3.1.4-1.tar.xz
Downloaded C:\Users\appveyor\AppData\Local\Temp\1/cygwin-installation-files/http%3a%2f%2fmirrors.kernel.org%2fsourceware%2fcygwin%2f/x86_64/release/libpipeline/libpipeline1/libpipeline1-1.5.1-1.tar.xz
Downloaded C:\Users\appveyor\AppData\Local\Temp\1/cygwin-installation-files/http%3a%2f%2fmirrors.kernel.org%2fsourceware%2fcygwin%2f/x86_64/release/popt/libpopt-common/libpopt-common-1.16-2.tar.xz
Downloaded C:\Users\appveyor\AppData\Local\Temp\1/cygwin-installation-files/http%3a%2f%2fmirrors.kernel.org%2fsourceware%2fcygwin%2f/x86_64/release/libssh/libssh-common/libssh-common-0.8.7-1.tar.xz
Downloaded C:\Users\appveyor\AppData\Local\Temp\1/cygwin-installation-files/http%3a%2f%2fmirrors.kernel.org%2fsourceware%2fcygwin%2f/x86_64/release/libtirpc/libtirpc-common/libtirpc-common-1.1.4-1.tar.xz
Downloaded C:\Users\appveyor\AppData\Local\Temp\1/cygwin-installation-files/http%3a%2f%2fmirrors.kernel.org%2fsourceware%2fcygwin%2f/x86_64/release/perl/perl_autorebase/perl_autorebase-5.30.2-1.tar.xz
Downloaded C:\Users\appveyor\AppData\Local\Temp\1/cygwin-installation-files/http%3a%2f%2fmirrors.kernel.org%2fsourceware%2fcygwin%2f/noarch/release/publicsuffix-list/publicsuffix-list-dafsa/publicsuffix-list-dafsa-20190717-1.tar.xz
Downloaded C:\Users\appveyor\AppData\Local\Temp\1/cygwin-installation-files/http%3a%2f%2fmirrors.kernel.org%2fsourceware%2fcygwin%2f/noarch/release/python-pip/python-pip-wheel/python-pip-wheel-19.2.3-1.tar.xz
Downloaded C:\Users\appveyor\AppData\Local\Temp\1/cygwin-installation-files/http%3a%2f%2fmirrors.kernel.org%2fsourceware%2fcygwin%2f/noarch/release/python-setuptools/python-setuptools-wheel/python-setuptools-wheel-41.2.0-1.tar.xz
Downloaded C:\Users\appveyor\AppData\Local\Temp\1/cygwin-installation-files/http%3a%2f%2fmirrors.kernel.org%2fsourceware%2fcygwin%2f/x86_64/release/ncurses/terminfo/terminfo-6.1-1.20190727.tar.xz
Downloaded C:\Users\appveyor\AppData\Local\Temp\1/cygwin-installation-files/http%3a%2f%2fmirrors.kernel.org%2fsourceware%2fcygwin%2f/noarch/release/tzdata/tzdata-2019c-1.tar.xz
Downloaded C:\Users\appveyor\AppData\Local\Temp\1/cygwin-installation-files/http%3a%2f%2fmirrors.kernel.org%2fsourceware%2fcygwin%2f/x86_64/release/w32api-headers/w32api-headers-7.0.0-1.tar.xz
Downloaded C:\Users\appveyor\AppData\Local\Temp\1/cygwin-installation-files/http%3a%2f%2fmirrors.kernel.org%2fsourceware%2fcygwin%2f/x86_64/release/windows-default-manifest/windows-default-manifest-6.4-1.tar.xz
Downloaded C:\Users\appveyor\AppData\Local\Temp\1/cygwin-installation-files/http%3a%2f%2fmirrors.kernel.org%2fsourceware%2fcygwin%2f/x86_64/release/zlib/zlib0/zlib0-1.2.11-1.tar.xz
Downloaded C:\Users\appveyor\AppData\Local\Temp\1/cygwin-installation-files/http%3a%2f%2fmirrors.kernel.org%2fsourceware%2fcygwin%2f/x86_64/release/vim/xxd/xxd-8.1.1772-2.tar.xz
Downloaded C:\Users\appveyor\AppData\Local\Temp\1/cygwin-installation-files/http%3a%2f%2fmirrors.kernel.org%2fsourceware%2fcygwin%2f/x86_64/release/which/which-2.20-2.tar.bz2
Downloaded C:\Users\appveyor\AppData\Local\Temp\1/cygwin-installation-files/http%3a%2f%2fmirrors.kernel.org%2fsourceware%2fcygwin%2f/x86_64/release/run/run-1.3.4-2.tar.xz
Downloaded C:\Users\appveyor\AppData\Local\Temp\1/cygwin-installation-files/http%3a%2f%2fmirrors.kernel.org%2fsourceware%2fcygwin%2f/x86_64/release/mintty/mintty-3.1.4-1.tar.xz
Downloaded C:\Users\appveyor\AppData\Local\Temp\1/cygwin-installation-files/http%3a%2f%2fmirrors.kernel.org%2fsourceware%2fcygwin%2f/x86_64/release/login/login-1.13-1.tar.xz
Downloaded C:\Users\appveyor\AppData\Local\Temp\1/cygwin-installation-files/http%3a%2f%2fmirrors.kernel.org%2fsourceware%2fcygwin%2f/x86_64/release/libuv/libuv1/libuv1-1.32.0-1.tar.xz
Downloaded C:\Users\appveyor\AppData\Local\Temp\1/cygwin-installation-files/http%3a%2f%2fmirrors.kernel.org%2fsourceware%2fcygwin%2f/x86_64/release/libtasn1/libtasn1_6/libtasn1_6-4.14-1.tar.xz
Downloaded C:\Users\appveyor\AppData\Local\Temp\1/cygwin-installation-files/http%3a%2f%2fmirrors.kernel.org%2fsourceware%2fcygwin%2f/x86_64/release/sqlite3/libsqlite3_0/libsqlite3_0-3.30.0-1.tar.xz
Downloaded C:\Users\appveyor\AppData\Local\Temp\1/cygwin-installation-files/http%3a%2f%2fmirrors.kernel.org%2fsourceware%2fcygwin%2f/x86_64/release/libsigsegv/libsigsegv2/libsigsegv2-2.10-2.tar.xz
Downloaded C:\Users\appveyor\AppData\Local\Temp\1/cygwin-installation-files/http%3a%2f%2fmirrors.kernel.org%2fsourceware%2fcygwin%2f/x86_64/release/rhash/librhash0/librhash0-1.3.9-1.tar.xz
Downloaded C:\Users\appveyor\AppData\Local\Temp\1/cygwin-installation-files/http%3a%2f%2fmirrors.kernel.org%2fsourceware%2fcygwin%2f/x86_64/release/procps-ng/libprocps8/libprocps8-3.3.16-1.tar.xz
Downloaded C:\Users\appveyor\AppData\Local\Temp\1/cygwin-installation-files/http%3a%2f%2fmirrors.kernel.org%2fsourceware%2fcygwin%2f/x86_64/release/pkgconf/libpkgconf3/libpkgconf3-1.6.0-1.tar.xz
Downloaded C:\Users\appveyor\AppData\Local\Temp\1/cygwin-installation-files/http%3a%2f%2fmirrors.kernel.org%2fsourceware%2fcygwin%2f/x86_64/release/pcre/libpcre1/libpcre1-8.43-1.tar.xz
Downloaded C:\Users\appveyor\AppData\Local\Temp\1/cygwin-installation-files/http%3a%2f%2fmirrors.kernel.org%2fsourceware%2fcygwin%2f/x86_64/release/nghttp2/libnghttp2_14/libnghttp2_14-1.37.0-1.tar.xz
Downloaded C:\Users\appveyor\AppData\Local\Temp\1/cygwin-installation-files/http%3a%2f%2fmirrors.kernel.org%2fsourceware%2fcygwin%2f/x86_64/release/nettle/libnettle6/libnettle6-3.4.1-1.tar.xz
Downloaded C:\Users\appveyor\AppData\Local\Temp\1/cygwin-installation-files/http%3a%2f%2fmirrors.kernel.org%2fsourceware%2fcygwin%2f/x86_64/release/xz/liblzma5/liblzma5-5.2.4-1.tar.xz
Downloaded C:\Users\appveyor\AppData\Local\Temp\1/cygwin-installation-files/http%3a%2f%2fmirrors.kernel.org%2fsourceware%2fcygwin%2f/x86_64/release/lz4/liblz4_1/liblz4_1-1.7.5-1.tar.xz
Downloaded C:\Users\appveyor\AppData\Local\Temp\1/cygwin-installation-files/http%3a%2f%2fmirrors.kernel.org%2fsourceware%2fcygwin%2f/x86_64/release/libtool/libltdl7/libltdl7-2.4.6-7.tar.xz
Downloaded C:\Users\appveyor\AppData\Local\Temp\1/cygwin-installation-files/http%3a%2f%2fmirrors.kernel.org%2fsourceware%2fcygwin%2f/x86_64/release/libiconv/libiconv2/libiconv2-1.14-3.tar.xz
Downloaded C:\Users\appveyor\AppData\Local\Temp\1/cygwin-installation-files/http%3a%2f%2fmirrors.kernel.org%2fsourceware%2fcygwin%2f/x86_64/release/gmp/libgmp10/libgmp10-6.2.0-2.tar.xz
Downloaded C:\Users\appveyor\AppData\Local\Temp\1/cygwin-installation-files/http%3a%2f%2fmirrors.kernel.org%2fsourceware%2fcygwin%2f/x86_64/release/gcc/libgcc1/libgcc1-9.3.0-1.tar.xz
Downloaded C:\Users\appveyor\AppData\Local\Temp\1/cygwin-installation-files/http%3a%2f%2fmirrors.kernel.org%2fsourceware%2fcygwin%2f/x86_64/release/libffi/libffi6/libffi6-3.2.1-2.tar.xz
Downloaded C:\Users\appveyor\AppData\Local\Temp\1/cygwin-installation-files/http%3a%2f%2fmirrors.kernel.org%2fsourceware%2fcygwin%2f/x86_64/release/expat/libexpat1/libexpat1-2.2.6-1.tar.xz
Downloaded C:\Users\appveyor\AppData\Local\Temp\1/cygwin-installation-files/http%3a%2f%2fmirrors.kernel.org%2fsourceware%2fcygwin%2f/x86_64/release/libxcrypt/libcrypt2/libcrypt2-4.4.4-1.tar.xz
Downloaded C:\Users\appveyor\AppData\Local\Temp\1/cygwin-installation-files/http%3a%2f%2fmirrors.kernel.org%2fsourceware%2fcygwin%2f/x86_64/release/crypt/libcrypt0/libcrypt0-2.1-1.tar.xz
Downloaded C:\Users\appveyor\AppData\Local\Temp\1/cygwin-installation-files/http%3a%2f%2fmirrors.kernel.org%2fsourceware%2fcygwin%2f/x86_64/release/libcbor/libcbor-0.5.0-1.tar.xz
Downloaded C:\Users\appveyor\AppData\Local\Temp\1/cygwin-installation-files/http%3a%2f%2fmirrors.kernel.org%2fsourceware%2fcygwin%2f/x86_64/release/bzip2/libbz2_1/libbz2_1-1.0.8-1.tar.xz
Downloaded C:\Users\appveyor\AppData\Local\Temp\1/cygwin-installation-files/http%3a%2f%2fmirrors.kernel.org%2fsourceware%2fcygwin%2f/x86_64/release/brotli/libbrotlicommon1/libbrotlicommon1-1.0.7-1.tar.xz
Downloaded C:\Users\appveyor\AppData\Local\Temp\1/cygwin-installation-files/http%3a%2f%2fmirrors.kernel.org%2fsourceware%2fcygwin%2f/x86_64/release/gcc/libatomic1/libatomic1-9.3.0-1.tar.xz
Downloaded C:\Users\appveyor\AppData\Local\Temp\1/cygwin-installation-files/http%3a%2f%2fmirrors.kernel.org%2fsourceware%2fcygwin%2f/x86_64/release/libargp/libargp-20110921-3.tar.xz
Downloaded C:\Users\appveyor\AppData\Local\Temp\1/cygwin-installation-files/http%3a%2f%2fmirrors.kernel.org%2fsourceware%2fcygwin%2f/x86_64/release/ipc-utils/ipc-utils-1.0-2.tar.bz2
Downloaded C:\Users\appveyor\AppData\Local\Temp\1/cygwin-installation-files/http%3a%2f%2fmirrors.kernel.org%2fsourceware%2fcygwin%2f/x86_64/release/hostname/hostname-3.13-1.tar.bz2
Downloaded C:\Users\appveyor\AppData\Local\Temp\1/cygwin-installation-files/http%3a%2f%2fmirrors.kernel.org%2fsourceware%2fcygwin%2f/x86_64/release/editrights/editrights-1.03-1.tar.xz
Downloaded C:\Users\appveyor\AppData\Local\Temp\1/cygwin-installation-files/http%3a%2f%2fmirrors.kernel.org%2fsourceware%2fcygwin%2f/x86_64/release/dash/dash-0.5.9.1-1.tar.xz
Downloaded C:\Users\appveyor\AppData\Local\Temp\1/cygwin-installation-files/http%3a%2f%2fmirrors.kernel.org%2fsourceware%2fcygwin%2f/x86_64/release/cygrunsrv/cygrunsrv-1.62-1.tar.xz
Downloaded C:\Users\appveyor\AppData\Local\Temp\1/cygwin-installation-files/http%3a%2f%2fmirrors.kernel.org%2fsourceware%2fcygwin%2f/x86_64/release/ncurses/terminfo-extra/terminfo-extra-6.1-1.20190727.tar.xz
Downloaded C:\Users\appveyor\AppData\Local\Temp\1/cygwin-installation-files/http%3a%2f%2fmirrors.kernel.org%2fsourceware%2fcygwin%2f/x86_64/release/w32api-runtime/w32api-runtime-7.0.0-1.tar.xz
Downloaded C:\Users\appveyor\AppData\Local\Temp\1/cygwin-installation-files/http%3a%2f%2fmirrors.kernel.org%2fsourceware%2fcygwin%2f/x86_64/release/file/file-5.32-1.tar.xz
Downloaded C:\Users\appveyor\AppData\Local\Temp\1/cygwin-installation-files/http%3a%2f%2fmirrors.kernel.org%2fsourceware%2fcygwin%2f/x86_64/release/pkgconf/pkgconf-1.6.0-1.tar.xz
Downloaded C:\Users\appveyor\AppData\Local\Temp\1/cygwin-installation-files/http%3a%2f%2fmirrors.kernel.org%2fsourceware%2fcygwin%2f/x86_64/release/rsync/rsync-3.1.2-1.tar.xz
Downloaded C:\Users\appveyor\AppData\Local\Temp\1/cygwin-installation-files/http%3a%2f%2fmirrors.kernel.org%2fsourceware%2fcygwin%2f/x86_64/release/gettext/libintl8/libintl8-0.19.8.1-2.tar.xz
Downloaded C:\Users\appveyor\AppData\Local\Temp\1/cygwin-installation-files/http%3a%2f%2fmirrors.kernel.org%2fsourceware%2fcygwin%2f/x86_64/release/isl/libisl22/libisl22-0.22.1-2.tar.xz
Downloaded C:\Users\appveyor\AppData\Local\Temp\1/cygwin-installation-files/http%3a%2f%2fmirrors.kernel.org%2fsourceware%2fcygwin%2f/x86_64/release/nettle/libhogweed4/libhogweed4-3.4.1-1.tar.xz
Downloaded C:\Users\appveyor\AppData\Local\Temp\1/cygwin-installation-files/http%3a%2f%2fmirrors.kernel.org%2fsourceware%2fcygwin%2f/x86_64/release/libunistring/libunistring2/libunistring2-0.9.10-1.tar.xz
Downloaded C:\Users\appveyor\AppData\Local\Temp\1/cygwin-installation-files/http%3a%2f%2fmirrors.kernel.org%2fsourceware%2fcygwin%2f/x86_64/release/gcc/libstdc++6/libstdc++6-9.3.0-1.tar.xz
Downloaded C:\Users\appveyor\AppData\Local\Temp\1/cygwin-installation-files/http%3a%2f%2fmirrors.kernel.org%2fsourceware%2fcygwin%2f/x86_64/release/gcc/libquadmath0/libquadmath0-9.3.0-1.tar.xz
Downloaded C:\Users\appveyor\AppData\Local\Temp\1/cygwin-installation-files/http%3a%2f%2fmirrors.kernel.org%2fsourceware%2fcygwin%2f/x86_64/release/mpfr/libmpfr6/libmpfr6-4.0.2-1.tar.xz
Downloaded C:\Users\appveyor\AppData\Local\Temp\1/cygwin-installation-files/http%3a%2f%2fmirrors.kernel.org%2fsourceware%2fcygwin%2f/x86_64/release/gcc/libgomp1/libgomp1-9.3.0-1.tar.xz
Downloaded C:\Users\appveyor\AppData\Local\Temp\1/cygwin-installation-files/http%3a%2f%2fmirrors.kernel.org%2fsourceware%2fcygwin%2f/x86_64/release/libgc/libgc1/libgc1-8.0.4-1.tar.xz
Downloaded C:\Users\appveyor\AppData\Local\Temp\1/cygwin-installation-files/http%3a%2f%2fmirrors.kernel.org%2fsourceware%2fcygwin%2f/x86_64/release/e2fsprogs/libcom_err2/libcom_err2-1.44.5-1.tar.xz
Downloaded C:\Users\appveyor\AppData\Local\Temp\1/cygwin-installation-files/http%3a%2f%2fmirrors.kernel.org%2fsourceware%2fcygwin%2f/x86_64/release/perl/perl_base/perl_base-5.30.2-1.tar.xz
Downloaded C:\Users\appveyor\AppData\Local\Temp\1/cygwin-installation-files/http%3a%2f%2fmirrors.kernel.org%2fsourceware%2fcygwin%2f/x86_64/release/brotli/libbrotlidec1/libbrotlidec1-1.0.7-1.tar.xz
Downloaded C:\Users\appveyor\AppData\Local\Temp\1/cygwin-installation-files/http%3a%2f%2fmirrors.kernel.org%2fsourceware%2fcygwin%2f/x86_64/release/getent/getent-2.18.90-4.tar.xz
Downloaded C:\Users\appveyor\AppData\Local\Temp\1/cygwin-installation-files/http%3a%2f%2fmirrors.kernel.org%2fsourceware%2fcygwin%2f/noarch/release/_autorebase/_autorebase-001007-1.tar.xz
Downloaded C:\Users\appveyor\AppData\Local\Temp\1/cygwin-installation-files/http%3a%2f%2fmirrors.kernel.org%2fsourceware%2fcygwin%2f/x86_64/release/ncurses/libncursesw10/libncursesw10-6.1-1.20190727.tar.xz
Downloaded C:\Users\appveyor\AppData\Local\Temp\1/cygwin-installation-files/http%3a%2f%2fmirrors.kernel.org%2fsourceware%2fcygwin%2f/x86_64/release/sed/sed-4.4-1.tar.xz
Downloaded C:\Users\appveyor\AppData\Local\Temp\1/cygwin-installation-files/http%3a%2f%2fmirrors.kernel.org%2fsourceware%2fcygwin%2f/x86_64/release/util-linux/libuuid1/libuuid1-2.33.1-1.tar.xz
Downloaded C:\Users\appveyor\AppData\Local\Temp\1/cygwin-installation-files/http%3a%2f%2fmirrors.kernel.org%2fsourceware%2fcygwin%2f/x86_64/release/util-linux/libsmartcols1/libsmartcols1-2.33.1-1.tar.xz
Downloaded C:\Users\appveyor\AppData\Local\Temp\1/cygwin-installation-files/http%3a%2f%2fmirrors.kernel.org%2fsourceware%2fcygwin%2f/x86_64/release/popt/libpopt0/libpopt0-1.16-2.tar.xz
Downloaded C:\Users\appveyor\AppData\Local\Temp\1/cygwin-installation-files/http%3a%2f%2fmirrors.kernel.org%2fsourceware%2fcygwin%2f/x86_64/release/p11-kit/libp11-kit0/libp11-kit0-0.23.15-1.tar.xz
Downloaded C:\Users\appveyor\AppData\Local\Temp\1/cygwin-installation-files/http%3a%2f%2fmirrors.kernel.org%2fsourceware%2fcygwin%2f/x86_64/release/krb5/libkrb5support0/libkrb5support0-1.15.2-2.tar.xz
Downloaded C:\Users\appveyor\AppData\Local\Temp\1/cygwin-installation-files/http%3a%2f%2fmirrors.kernel.org%2fsourceware%2fcygwin%2f/x86_64/release/libiconv/libiconv-1.14-3.tar.xz
Downloaded C:\Users\appveyor\AppData\Local\Temp\1/cygwin-installation-files/http%3a%2f%2fmirrors.kernel.org%2fsourceware%2fcygwin%2f/x86_64/release/gdbm/libgdbm6/libgdbm6-1.18.1-1.tar.xz
Downloaded C:\Users\appveyor\AppData\Local\Temp\1/cygwin-installation-files/http%3a%2f%2fmirrors.kernel.org%2fsourceware%2fcygwin%2f/x86_64/release/gdbm/libgdbm4/libgdbm4-1.13-1.tar.xz
Downloaded C:\Users\appveyor\AppData\Local\Temp\1/cygwin-installation-files/http%3a%2f%2fmirrors.kernel.org%2fsourceware%2fcygwin%2f/x86_64/release/attr/libattr1/libattr1-2.4.48-2.tar.xz
Downloaded C:\Users\appveyor\AppData\Local\Temp\1/cygwin-installation-files/http%3a%2f%2fmirrors.kernel.org%2fsourceware%2fcygwin%2f/x86_64/release/diffutils/diffutils-3.5-2.tar.xz
Downloaded C:\Users\appveyor\AppData\Local\Temp\1/cygwin-installation-files/http%3a%2f%2fmirrors.kernel.org%2fsourceware%2fcygwin%2f/x86_64/release/binutils/binutils-2.34+1git.de9c1b7cfe-1.tar.xz
Downloaded C:\Users\appveyor\AppData\Local\Temp\1/cygwin-installation-files/http%3a%2f%2fmirrors.kernel.org%2fsourceware%2fcygwin%2f/x86_64/release/alternatives/alternatives-1.3.30c-10.tar.bz2
Downloaded C:\Users\appveyor\AppData\Local\Temp\1/cygwin-installation-files/http%3a%2f%2fmirrors.kernel.org%2fsourceware%2fcygwin%2f/x86_64/release/libidn2/libidn2_0/libidn2_0-2.2.0-1.tar.xz
Downloaded C:\Users\appveyor\AppData\Local\Temp\1/cygwin-installation-files/http%3a%2f%2fmirrors.kernel.org%2fsourceware%2fcygwin%2f/x86_64/release/ninja/ninja-1.10.0-1.tar.xz
Downloaded C:\Users\appveyor\AppData\Local\Temp\1/cygwin-installation-files/http%3a%2f%2fmirrors.kernel.org%2fsourceware%2fcygwin%2f/x86_64/release/jsoncpp/libjsoncpp19/libjsoncpp19-1.8.4-1.tar.xz
Downloaded C:\Users\appveyor\AppData\Local\Temp\1/cygwin-installation-files/http%3a%2f%2fmirrors.kernel.org%2fsourceware%2fcygwin%2f/x86_64/release/db/libdb5.3/libdb5.3-5.3.28-2.tar.xz
Downloaded C:\Users\appveyor\AppData\Local\Temp\1/cygwin-installation-files/http%3a%2f%2fmirrors.kernel.org%2fsourceware%2fcygwin%2f/x86_64/release/astyle/astyle-2.06-1.tar.xz
Downloaded C:\Users\appveyor\AppData\Local\Temp\1/cygwin-installation-files/http%3a%2f%2fmirrors.kernel.org%2fsourceware%2fcygwin%2f/x86_64/release/gcc/libgfortran4/libgfortran4-7.4.0-1.tar.xz
Downloaded C:\Users\appveyor\AppData\Local\Temp\1/cygwin-installation-files/http%3a%2f%2fmirrors.kernel.org%2fsourceware%2fcygwin%2f/x86_64/release/mpclib/libmpc3/libmpc3-1.1.0-1.tar.xz
Downloaded C:\Users\appveyor\AppData\Local\Temp\1/cygwin-installation-files/http%3a%2f%2fmirrors.kernel.org%2fsourceware%2fcygwin%2f/noarch/release/perl-TimeDate/perl-TimeDate-2.32-1.tar.xz
Downloaded C:\Users\appveyor\AppData\Local\Temp\1/cygwin-installation-files/http%3a%2f%2fmirrors.kernel.org%2fsourceware%2fcygwin%2f/x86_64/release/perl-TermReadKey/perl-TermReadKey-2.38-2.tar.xz
Downloaded C:\Users\appveyor\AppData\Local\Temp\1/cygwin-installation-files/http%3a%2f%2fmirrors.kernel.org%2fsourceware%2fcygwin%2f/noarch/release/perl-Error/perl-Error-0.17029-1.tar.xz
Downloaded C:\Users\appveyor\AppData\Local\Temp\1/cygwin-installation-files/http%3a%2f%2fmirrors.kernel.org%2fsourceware%2fcygwin%2f/x86_64/release/vim/vim-minimal/vim-minimal-8.1.1772-2.tar.xz
Downloaded C:\Users\appveyor\AppData\Local\Temp\1/cygwin-installation-files/http%3a%2f%2fmirrors.kernel.org%2fsourceware%2fcygwin%2f/x86_64/release/procps-ng/procps-ng-3.3.16-1.tar.xz
Downloaded C:\Users\appveyor\AppData\Local\Temp\1/cygwin-installation-files/http%3a%2f%2fmirrors.kernel.org%2fsourceware%2fcygwin%2f/x86_64/release/ncurses/ncurses-6.1-1.20190727.tar.xz
Downloaded C:\Users\appveyor\AppData\Local\Temp\1/cygwin-installation-files/http%3a%2f%2fmirrors.kernel.org%2fsourceware%2fcygwin%2f/x86_64/release/nano/nano-4.3-1.tar.xz
Downloaded C:\Users\appveyor\AppData\Local\Temp\1/cygwin-installation-files/http%3a%2f%2fmirrors.kernel.org%2fsourceware%2fcygwin%2f/x86_64/release/readline/libreadline7/libreadline7-7.0.3-3.tar.xz
Downloaded C:\Users\appveyor\AppData\Local\Temp\1/cygwin-installation-files/http%3a%2f%2fmirrors.kernel.org%2fsourceware%2fcygwin%2f/x86_64/release/libedit/libedit0/libedit0-20130712-1.tar.xz
Downloaded C:\Users\appveyor\AppData\Local\Temp\1/cygwin-installation-files/http%3a%2f%2fmirrors.kernel.org%2fsourceware%2fcygwin%2f/x86_64/release/less/less-551-1.tar.xz
Downloaded C:\Users\appveyor\AppData\Local\Temp\1/cygwin-installation-files/http%3a%2f%2fmirrors.kernel.org%2fsourceware%2fcygwin%2f/x86_64/release/texinfo/info/info-6.7-1.tar.xz
Downloaded C:\Users\appveyor\AppData\Local\Temp\1/cygwin-installation-files/http%3a%2f%2fmirrors.kernel.org%2fsourceware%2fcygwin%2f/x86_64/release/util-linux/libblkid1/libblkid1-2.33.1-1.tar.xz
Downloaded C:\Users\appveyor\AppData\Local\Temp\1/cygwin-installation-files/http%3a%2f%2fmirrors.kernel.org%2fsourceware%2fcygwin%2f/x86_64/release/cygutils/cygutils-1.4.16-2.tar.xz
Downloaded C:\Users\appveyor\AppData\Local\Temp\1/cygwin-installation-files/http%3a%2f%2fmirrors.kernel.org%2fsourceware%2fcygwin%2f/x86_64/release/p11-kit/p11-kit-trust/p11-kit-trust-0.23.15-1.tar.xz
Downloaded C:\Users\appveyor\AppData\Local\Temp\1/cygwin-installation-files/http%3a%2f%2fmirrors.kernel.org%2fsourceware%2fcygwin%2f/x86_64/release/p11-kit/p11-kit-0.23.15-1.tar.xz
Downloaded C:\Users\appveyor\AppData\Local\Temp\1/cygwin-installation-files/http%3a%2f%2fmirrors.kernel.org%2fsourceware%2fcygwin%2f/x86_64/release/krb5/libk5crypto3/libk5crypto3-1.15.2-2.tar.xz
Downloaded C:\Users\appveyor\AppData\Local\Temp\1/cygwin-installation-files/http%3a%2f%2fmirrors.kernel.org%2fsourceware%2fcygwin%2f/x86_64/release/gdbm/libgdbm_compat4/libgdbm_compat4-1.18.1-1.tar.xz
Downloaded C:\Users\appveyor\AppData\Local\Temp\1/cygwin-installation-files/http%3a%2f%2fmirrors.kernel.org%2fsourceware%2fcygwin%2f/x86_64/release/patch/patch-2.7.4-1.tar.xz
Downloaded C:\Users\appveyor\AppData\Local\Temp\1/cygwin-installation-files/http%3a%2f%2fmirrors.kernel.org%2fsourceware%2fcygwin%2f/x86_64/release/libpsl/libpsl5/libpsl5-0.21.0-1.tar.xz
Downloaded C:\Users\appveyor\AppData\Local\Temp\1/cygwin-installation-files/http%3a%2f%2fmirrors.kernel.org%2fsourceware%2fcygwin%2f/x86_64/release/lapack/liblapack0/liblapack0-3.9.0-2.tar.xz
Downloaded C:\Users\appveyor\AppData\Local\Temp\1/cygwin-installation-files/http%3a%2f%2fmirrors.kernel.org%2fsourceware%2fcygwin%2f/x86_64/release/moreutils/moreutils-0.62-1.tar.xz
Downloaded C:\Users\appveyor\AppData\Local\Temp\1/cygwin-installation-files/http%3a%2f%2fmirrors.kernel.org%2fsourceware%2fcygwin%2f/x86_64/release/libxml2/libxml2-2.9.9-2.tar.xz
Downloaded C:\Users\appveyor\AppData\Local\Temp\1/cygwin-installation-files/http%3a%2f%2fmirrors.kernel.org%2fsourceware%2fcygwin%2f/x86_64/release/guile2.2/libguile2.2_1/libguile2.2_1-2.2.7-1.tar.xz
Downloaded C:\Users\appveyor\AppData\Local\Temp\1/cygwin-installation-files/http%3a%2f%2fmirrors.kernel.org%2fsourceware%2fcygwin%2f/x86_64/release/gawk/gawk-5.0.1-1.tar.xz
Downloaded C:\Users\appveyor\AppData\Local\Temp\1/cygwin-installation-files/http%3a%2f%2fmirrors.kernel.org%2fsourceware%2fcygwin%2f/x86_64/release/coreutils/coreutils-8.26-2.tar.xz
Downloaded C:\Users\appveyor\AppData\Local\Temp\1/cygwin-installation-files/http%3a%2f%2fmirrors.kernel.org%2fsourceware%2fcygwin%2f/x86_64/release/util-linux/libfdisk1/libfdisk1-2.33.1-1.tar.xz
Downloaded C:\Users\appveyor\AppData\Local\Temp\1/cygwin-installation-files/http%3a%2f%2fmirrors.kernel.org%2fsourceware%2fcygwin%2f/x86_64/release/krb5/libkrb5_3/libkrb5_3-1.15.2-2.tar.xz
Downloaded C:\Users\appveyor\AppData\Local\Temp\1/cygwin-installation-files/http%3a%2f%2fmirrors.kernel.org%2fsourceware%2fcygwin%2f/x86_64/release/perl/perl-5.30.2-1.tar.xz
Downloaded C:\Users\appveyor\AppData\Local\Temp\1/cygwin-installation-files/http%3a%2f%2fmirrors.kernel.org%2fsourceware%2fcygwin%2f/x86_64/release/libarchive/libarchive13/libarchive13-3.3.2-1.tar.xz
Downloaded C:\Users\appveyor\AppData\Local\Temp\1/cygwin-installation-files/http%3a%2f%2fmirrors.kernel.org%2fsourceware%2fcygwin%2f/x86_64/release/make/make-4.3-1.tar.xz
Downloaded C:\Users\appveyor\AppData\Local\Temp\1/cygwin-installation-files/http%3a%2f%2fmirrors.kernel.org%2fsourceware%2fcygwin%2f/x86_64/release/bash/bash-4.4.12-3.tar.xz
Downloaded C:\Users\appveyor\AppData\Local\Temp\1/cygwin-installation-files/http%3a%2f%2fmirrors.kernel.org%2fsourceware%2fcygwin%2f/x86_64/release/util-linux/util-linux-2.33.1-1.tar.xz
Downloaded C:\Users\appveyor\AppData\Local\Temp\1/cygwin-installation-files/http%3a%2f%2fmirrors.kernel.org%2fsourceware%2fcygwin%2f/x86_64/release/krb5/libgssapi_krb5_2/libgssapi_krb5_2-1.15.2-2.tar.xz
Downloaded C:\Users\appveyor\AppData\Local\Temp\1/cygwin-installation-files/http%3a%2f%2fmirrors.kernel.org%2fsourceware%2fcygwin%2f/x86_64/release/perl-Scalar-List-Utils/perl-Scalar-List-Utils-1.54-1.tar.xz
Downloaded C:\Users\appveyor\AppData\Local\Temp\1/cygwin-installation-files/http%3a%2f%2fmirrors.kernel.org%2fsourceware%2fcygwin%2f/x86_64/release/tzcode/tzcode-2019c-1.tar.xz
Downloaded C:\Users\appveyor\AppData\Local\Temp\1/cygwin-installation-files/http%3a%2f%2fmirrors.kernel.org%2fsourceware%2fcygwin%2f/x86_64/release/libtirpc/libtirpc3/libtirpc3-1.1.4-1.tar.xz
Downloaded C:\Users\appveyor\AppData\Local\Temp\1/cygwin-installation-files/http%3a%2f%2fmirrors.kernel.org%2fsourceware%2fcygwin%2f/x86_64/release/xz/xz-5.2.4-1.tar.xz
Downloaded C:\Users\appveyor\AppData\Local\Temp\1/cygwin-installation-files/http%3a%2f%2fmirrors.kernel.org%2fsourceware%2fcygwin%2f/x86_64/release/unzip/unzip-6.0-17.tar.xz
Downloaded C:\Users\appveyor\AppData\Local\Temp\1/cygwin-installation-files/http%3a%2f%2fmirrors.kernel.org%2fsourceware%2fcygwin%2f/x86_64/release/pkgconf/pkg-config/pkg-config-1.6.0-1.tar.xz
Downloaded C:\Users\appveyor\AppData\Local\Temp\1/cygwin-installation-files/http%3a%2f%2fmirrors.kernel.org%2fsourceware%2fcygwin%2f/x86_64/release/gzip/gzip-1.8-1.tar.xz
Downloaded C:\Users\appveyor\AppData\Local\Temp\1/cygwin-installation-files/http%3a%2f%2fmirrors.kernel.org%2fsourceware%2fcygwin%2f/x86_64/release/groff/groff-1.22.4-1.tar.xz
Downloaded C:\Users\appveyor\AppData\Local\Temp\1/cygwin-installation-files/http%3a%2f%2fmirrors.kernel.org%2fsourceware%2fcygwin%2f/x86_64/release/grep/grep-3.0-2.tar.xz
Downloaded C:\Users\appveyor\AppData\Local\Temp\1/cygwin-installation-files/http%3a%2f%2fmirrors.kernel.org%2fsourceware%2fcygwin%2f/x86_64/release/gcc/gcc-core/gcc-core-9.3.0-1.tar.xz
Downloaded C:\Users\appveyor\AppData\Local\Temp\1/cygwin-installation-files/http%3a%2f%2fmirrors.kernel.org%2fsourceware%2fcygwin%2f/x86_64/release/findutils/findutils-4.6.0-1.tar.xz
Downloaded C:\Users\appveyor\AppData\Local\Temp\1/cygwin-installation-files/http%3a%2f%2fmirrors.kernel.org%2fsourceware%2fcygwin%2f/noarch/release/crypto-policies/crypto-policies-20190218-1.tar.xz
Downloaded C:\Users\appveyor\AppData\Local\Temp\1/cygwin-installation-files/http%3a%2f%2fmirrors.kernel.org%2fsourceware%2fcygwin%2f/noarch/release/ca-certificates/ca-certificates-2.32-1.tar.xz
Downloaded C:\Users\appveyor\AppData\Local\Temp\1/cygwin-installation-files/http%3a%2f%2fmirrors.kernel.org%2fsourceware%2fcygwin%2f/x86_64/release/bzip2/bzip2-1.0.8-1.tar.xz
Downloaded C:\Users\appveyor\AppData\Local\Temp\1/cygwin-installation-files/http%3a%2f%2fmirrors.kernel.org%2fsourceware%2fcygwin%2f/noarch/release/bash-completion/bash-completion-2.7-1.tar.xz
Downloaded C:\Users\appveyor\AppData\Local\Temp\1/cygwin-installation-files/http%3a%2f%2fmirrors.kernel.org%2fsourceware%2fcygwin%2f/x86_64/release/libnsl/libnsl2/libnsl2-1.2.0-1.tar.xz
Downloaded C:\Users\appveyor\AppData\Local\Temp\1/cygwin-installation-files/http%3a%2f%2fmirrors.kernel.org%2fsourceware%2fcygwin%2f/x86_64/release/util-linux/libuuid-devel/libuuid-devel-2.33.1-1.tar.xz
Downloaded C:\Users\appveyor\AppData\Local\Temp\1/cygwin-installation-files/http%3a%2f%2fmirrors.kernel.org%2fsourceware%2fcygwin%2f/x86_64/release/man-db/man-db-2.7.6.1-1.tar.xz
Downloaded C:\Users\appveyor\AppData\Local\Temp\1/cygwin-installation-files/http%3a%2f%2fmirrors.kernel.org%2fsourceware%2fcygwin%2f/x86_64/release/rebase/rebase-4.4.4-1.tar.xz
Downloaded C:\Users\appveyor\AppData\Local\Temp\1/cygwin-installation-files/http%3a%2f%2fmirrors.kernel.org%2fsourceware%2fcygwin%2f/x86_64/release/csih/csih-0.9.11-1.tar.xz
Downloaded C:\Users\appveyor\AppData\Local\Temp\1/cygwin-installation-files/http%3a%2f%2fmirrors.kernel.org%2fsourceware%2fcygwin%2f/x86_64/release/gcc/gcc-g++/gcc-g++-9.3.0-1.tar.xz
Downloaded C:\Users\appveyor\AppData\Local\Temp\1/cygwin-installation-files/http%3a%2f%2fmirrors.kernel.org%2fsourceware%2fcygwin%2f/noarch/release/base-files/base-files-4.3-2.tar.xz
Downloaded C:\Users\appveyor\AppData\Local\Temp\1/cygwin-installation-files/http%3a%2f%2fmirrors.kernel.org%2fsourceware%2fcygwin%2f/x86_64/release/openssl/libssl1.1/libssl1.1-1.1.1d-1.tar.xz
Downloaded C:\Users\appveyor\AppData\Local\Temp\1/cygwin-installation-files/http%3a%2f%2fmirrors.kernel.org%2fsourceware%2fcygwin%2f/x86_64/release/gnutls/libgnutls30/libgnutls30-3.6.9-1.tar.xz
Downloaded C:\Users\appveyor\AppData\Local\Temp\1/cygwin-installation-files/http%3a%2f%2fmirrors.kernel.org%2fsourceware%2fcygwin%2f/x86_64/release/tar/tar-1.29-1.tar.xz
Downloaded C:\Users\appveyor\AppData\Local\Temp\1/cygwin-installation-files/http%3a%2f%2fmirrors.kernel.org%2fsourceware%2fcygwin%2f/x86_64/release/python36/python36-3.6.9-1.tar.xz
Downloaded C:\Users\appveyor\AppData\Local\Temp\1/cygwin-installation-files/http%3a%2f%2fmirrors.kernel.org%2fsourceware%2fcygwin%2f/x86_64/release/python2/python27/python27-2.7.16-1.tar.xz
Downloaded C:\Users\appveyor\AppData\Local\Temp\1/cygwin-installation-files/http%3a%2f%2fmirrors.kernel.org%2fsourceware%2fcygwin%2f/x86_64/release/openssl/openssl-1.1.1d-1.tar.xz
Downloaded C:\Users\appveyor\AppData\Local\Temp\1/cygwin-installation-files/http%3a%2f%2fmirrors.kernel.org%2fsourceware%2fcygwin%2f/x86_64/release/libssh/libssh4/libssh4-0.8.7-1.tar.xz
Downloaded C:\Users\appveyor\AppData\Local\Temp\1/cygwin-installation-files/http%3a%2f%2fmirrors.kernel.org%2fsourceware%2fcygwin%2f/x86_64/release/openldap/libopenldap2_4_2/libopenldap2_4_2-2.4.49-1.tar.xz
Downloaded C:\Users\appveyor\AppData\Local\Temp\1/cygwin-installation-files/http%3a%2f%2fmirrors.kernel.org%2fsourceware%2fcygwin%2f/x86_64/release/libfido2/libfido2-1.3.0-2.tar.xz
Downloaded C:\Users\appveyor\AppData\Local\Temp\1/cygwin-installation-files/http%3a%2f%2fmirrors.kernel.org%2fsourceware%2fcygwin%2f/x86_64/release/wget/wget-1.19.1-2.tar.xz
Downloaded C:\Users\appveyor\AppData\Local\Temp\1/cygwin-installation-files/http%3a%2f%2fmirrors.kernel.org%2fsourceware%2fcygwin%2f/noarch/release/python-setuptools/python36-setuptools/python36-setuptools-41.2.0-1.tar.xz
Downloaded C:\Users\appveyor\AppData\Local\Temp\1/cygwin-installation-files/http%3a%2f%2fmirrors.kernel.org%2fsourceware%2fcygwin%2f/x86_64/release/python-markupsafe/python36-markupsafe/python36-markupsafe-1.1.1-1.tar.xz
Downloaded C:\Users\appveyor\AppData\Local\Temp\1/cygwin-installation-files/http%3a%2f%2fmirrors.kernel.org%2fsourceware%2fcygwin%2f/x86_64/release/python3/python3-3.6.8-1.tar.xz
Downloaded C:\Users\appveyor\AppData\Local\Temp\1/cygwin-installation-files/http%3a%2f%2fmirrors.kernel.org%2fsourceware%2fcygwin%2f/noarch/release/python-setuptools/python27-setuptools/python27-setuptools-41.2.0-1.tar.xz
Downloaded C:\Users\appveyor\AppData\Local\Temp\1/cygwin-installation-files/http%3a%2f%2fmirrors.kernel.org%2fsourceware%2fcygwin%2f/x86_64/release/python-markupsafe/python27-markupsafe/python27-markupsafe-1.1.1-1.tar.xz
Downloaded C:\Users\appveyor\AppData\Local\Temp\1/cygwin-installation-files/http%3a%2f%2fmirrors.kernel.org%2fsourceware%2fcygwin%2f/x86_64/release/gdb/gdb-8.2.1-1.tar.xz
Downloaded C:\Users\appveyor\AppData\Local\Temp\1/cygwin-installation-files/http%3a%2f%2fmirrors.kernel.org%2fsourceware%2fcygwin%2f/x86_64/release/cyrus-sasl/libsasl2_3/libsasl2_3-2.1.27-1.tar.xz
Downloaded C:\Users\appveyor\AppData\Local\Temp\1/cygwin-installation-files/http%3a%2f%2fmirrors.kernel.org%2fsourceware%2fcygwin%2f/x86_64/release/openssh/openssh-8.2p1-1.tar.xz
Downloaded C:\Users\appveyor\AppData\Local\Temp\1/cygwin-installation-files/http%3a%2f%2fmirrors.kernel.org%2fsourceware%2fcygwin%2f/noarch/release/python-pip/python36-pip/python36-pip-19.2.3-1.tar.xz
Downloaded C:\Users\appveyor\AppData\Local\Temp\1/cygwin-installation-files/http%3a%2f%2fmirrors.kernel.org%2fsourceware%2fcygwin%2f/x86_64/release/python-numpy/python36-numpy/python36-numpy-1.16.2-1.tar.xz
Downloaded C:\Users\appveyor\AppData\Local\Temp\1/cygwin-installation-files/http%3a%2f%2fmirrors.kernel.org%2fsourceware%2fcygwin%2f/noarch/release/python-jinja2/python36-jinja2/python36-jinja2-2.10-1.tar.xz
Downloaded C:\Users\appveyor\AppData\Local\Temp\1/cygwin-installation-files/http%3a%2f%2fmirrors.kernel.org%2fsourceware%2fcygwin%2f/noarch/release/python-pip/python27-pip/python27-pip-19.2.3-1.tar.xz
Downloaded C:\Users\appveyor\AppData\Local\Temp\1/cygwin-installation-files/http%3a%2f%2fmirrors.kernel.org%2fsourceware%2fcygwin%2f/x86_64/release/python-numpy/python27-numpy/python27-numpy-1.16.2-1.tar.xz
Downloaded C:\Users\appveyor\AppData\Local\Temp\1/cygwin-installation-files/http%3a%2f%2fmirrors.kernel.org%2fsourceware%2fcygwin%2f/noarch/release/python-jinja2/python27-jinja2/python27-jinja2-2.10-1.tar.xz
Downloaded C:\Users\appveyor\AppData\Local\Temp\1/cygwin-installation-files/http%3a%2f%2fmirrors.kernel.org%2fsourceware%2fcygwin%2f/x86_64/release/curl/libcurl4/libcurl4-7.66.0-1.tar.xz
Downloaded C:\Users\appveyor\AppData\Local\Temp\1/cygwin-installation-files/http%3a%2f%2fmirrors.kernel.org%2fsourceware%2fcygwin%2f/x86_64/release/curl/libcurl-devel/libcurl-devel-7.66.0-1.tar.xz
Downloaded C:\Users\appveyor\AppData\Local\Temp\1/cygwin-installation-files/http%3a%2f%2fmirrors.kernel.org%2fsourceware%2fcygwin%2f/x86_64/release/git/git-2.21.0-1.tar.xz
Downloaded C:\Users\appveyor\AppData\Local\Temp\1/cygwin-installation-files/http%3a%2f%2fmirrors.kernel.org%2fsourceware%2fcygwin%2f/x86_64/release/cmake/cmake-3.14.5-1.tar.xz
Extracting from file://C:\Users\appveyor\AppData\Local\Temp\1/cygwin-installation-files/http%3a%2f%2fmirrors.kernel.org%2fsourceware%2fcygwin%2f/noarch/release/base-cygwin/base-cygwin-3.8-1.tar.xz
Extracting from file://C:\Users\appveyor\AppData\Local\Temp\1/cygwin-installation-files/http%3a%2f%2fmirrors.kernel.org%2fsourceware%2fcygwin%2f/x86_64/release/cygwin/cygwin-3.1.4-1.tar.xz
Extracting from file://C:\Users\appveyor\AppData\Local\Temp\1/cygwin-installation-files/http%3a%2f%2fmirrors.kernel.org%2fsourceware%2fcygwin%2f/x86_64/release/cygwin/cygwin-devel/cygwin-devel-3.1.4-1.tar.xz
Extracting from file://C:\Users\appveyor\AppData\Local\Temp\1/cygwin-installation-files/http%3a%2f%2fmirrors.kernel.org%2fsourceware%2fcygwin%2f/x86_64/release/libpipeline/libpipeline1/libpipeline1-1.5.1-1.tar.xz
Extracting from file://C:\Users\appveyor\AppData\Local\Temp\1/cygwin-installation-files/http%3a%2f%2fmirrors.kernel.org%2fsourceware%2fcygwin%2f/x86_64/release/popt/libpopt-common/libpopt-common-1.16-2.tar.xz
Extracting from file://C:\Users\appveyor\AppData\Local\Temp\1/cygwin-installation-files/http%3a%2f%2fmirrors.kernel.org%2fsourceware%2fcygwin%2f/x86_64/release/libssh/libssh-common/libssh-common-0.8.7-1.tar.xz
Extracting from file://C:\Users\appveyor\AppData\Local\Temp\1/cygwin-installation-files/http%3a%2f%2fmirrors.kernel.org%2fsourceware%2fcygwin%2f/x86_64/release/libtirpc/libtirpc-common/libtirpc-common-1.1.4-1.tar.xz
Extracting from file://C:\Users\appveyor\AppData\Local\Temp\1/cygwin-installation-files/http%3a%2f%2fmirrors.kernel.org%2fsourceware%2fcygwin%2f/x86_64/release/perl/perl_autorebase/perl_autorebase-5.30.2-1.tar.xz
Extracting from file://C:\Users\appveyor\AppData\Local\Temp\1/cygwin-installation-files/http%3a%2f%2fmirrors.kernel.org%2fsourceware%2fcygwin%2f/noarch/release/publicsuffix-list/publicsuffix-list-dafsa/publicsuffix-list-dafsa-20190717-1.tar.xz
Extracting from file://C:\Users\appveyor\AppData\Local\Temp\1/cygwin-installation-files/http%3a%2f%2fmirrors.kernel.org%2fsourceware%2fcygwin%2f/noarch/release/python-pip/python-pip-wheel/python-pip-wheel-19.2.3-1.tar.xz
Extracting from file://C:\Users\appveyor\AppData\Local\Temp\1/cygwin-installation-files/http%3a%2f%2fmirrors.kernel.org%2fsourceware%2fcygwin%2f/noarch/release/python-setuptools/python-setuptools-wheel/python-setuptools-wheel-41.2.0-1.tar.xz
Extracting from file://C:\Users\appveyor\AppData\Local\Temp\1/cygwin-installation-files/http%3a%2f%2fmirrors.kernel.org%2fsourceware%2fcygwin%2f/x86_64/release/ncurses/terminfo/terminfo-6.1-1.20190727.tar.xz
Extracting from file://C:\Users\appveyor\AppData\Local\Temp\1/cygwin-installation-files/http%3a%2f%2fmirrors.kernel.org%2fsourceware%2fcygwin%2f/noarch/release/tzdata/tzdata-2019c-1.tar.xz
Extracting from file://C:\Users\appveyor\AppData\Local\Temp\1/cygwin-installation-files/http%3a%2f%2fmirrors.kernel.org%2fsourceware%2fcygwin%2f/x86_64/release/w32api-headers/w32api-headers-7.0.0-1.tar.xz
Extracting from file://C:\Users\appveyor\AppData\Local\Temp\1/cygwin-installation-files/http%3a%2f%2fmirrors.kernel.org%2fsourceware%2fcygwin%2f/x86_64/release/windows-default-manifest/windows-default-manifest-6.4-1.tar.xz
Extracting from file://C:\Users\appveyor\AppData\Local\Temp\1/cygwin-installation-files/http%3a%2f%2fmirrors.kernel.org%2fsourceware%2fcygwin%2f/x86_64/release/zlib/zlib0/zlib0-1.2.11-1.tar.xz
Extracting from file://C:\Users\appveyor\AppData\Local\Temp\1/cygwin-installation-files/http%3a%2f%2fmirrors.kernel.org%2fsourceware%2fcygwin%2f/x86_64/release/vim/xxd/xxd-8.1.1772-2.tar.xz
Extracting from file://C:\Users\appveyor\AppData\Local\Temp\1/cygwin-installation-files/http%3a%2f%2fmirrors.kernel.org%2fsourceware%2fcygwin%2f/x86_64/release/which/which-2.20-2.tar.bz2
Extracting from file://C:\Users\appveyor\AppData\Local\Temp\1/cygwin-installation-files/http%3a%2f%2fmirrors.kernel.org%2fsourceware%2fcygwin%2f/x86_64/release/run/run-1.3.4-2.tar.xz
Extracting from file://C:\Users\appveyor\AppData\Local\Temp\1/cygwin-installation-files/http%3a%2f%2fmirrors.kernel.org%2fsourceware%2fcygwin%2f/x86_64/release/mintty/mintty-3.1.4-1.tar.xz
Extracting from file://C:\Users\appveyor\AppData\Local\Temp\1/cygwin-installation-files/http%3a%2f%2fmirrors.kernel.org%2fsourceware%2fcygwin%2f/x86_64/release/login/login-1.13-1.tar.xz
Extracting from file://C:\Users\appveyor\AppData\Local\Temp\1/cygwin-installation-files/http%3a%2f%2fmirrors.kernel.org%2fsourceware%2fcygwin%2f/x86_64/release/libuv/libuv1/libuv1-1.32.0-1.tar.xz
Extracting from file://C:\Users\appveyor\AppData\Local\Temp\1/cygwin-installation-files/http%3a%2f%2fmirrors.kernel.org%2fsourceware%2fcygwin%2f/x86_64/release/libtasn1/libtasn1_6/libtasn1_6-4.14-1.tar.xz
Extracting from file://C:\Users\appveyor\AppData\Local\Temp\1/cygwin-installation-files/http%3a%2f%2fmirrors.kernel.org%2fsourceware%2fcygwin%2f/x86_64/release/sqlite3/libsqlite3_0/libsqlite3_0-3.30.0-1.tar.xz
Extracting from file://C:\Users\appveyor\AppData\Local\Temp\1/cygwin-installation-files/http%3a%2f%2fmirrors.kernel.org%2fsourceware%2fcygwin%2f/x86_64/release/libsigsegv/libsigsegv2/libsigsegv2-2.10-2.tar.xz
Extracting from file://C:\Users\appveyor\AppData\Local\Temp\1/cygwin-installation-files/http%3a%2f%2fmirrors.kernel.org%2fsourceware%2fcygwin%2f/x86_64/release/rhash/librhash0/librhash0-1.3.9-1.tar.xz
Extracting from file://C:\Users\appveyor\AppData\Local\Temp\1/cygwin-installation-files/http%3a%2f%2fmirrors.kernel.org%2fsourceware%2fcygwin%2f/x86_64/release/procps-ng/libprocps8/libprocps8-3.3.16-1.tar.xz
Extracting from file://C:\Users\appveyor\AppData\Local\Temp\1/cygwin-installation-files/http%3a%2f%2fmirrors.kernel.org%2fsourceware%2fcygwin%2f/x86_64/release/pkgconf/libpkgconf3/libpkgconf3-1.6.0-1.tar.xz
Extracting from file://C:\Users\appveyor\AppData\Local\Temp\1/cygwin-installation-files/http%3a%2f%2fmirrors.kernel.org%2fsourceware%2fcygwin%2f/x86_64/release/pcre/libpcre1/libpcre1-8.43-1.tar.xz
Extracting from file://C:\Users\appveyor\AppData\Local\Temp\1/cygwin-installation-files/http%3a%2f%2fmirrors.kernel.org%2fsourceware%2fcygwin%2f/x86_64/release/nghttp2/libnghttp2_14/libnghttp2_14-1.37.0-1.tar.xz
Extracting from file://C:\Users\appveyor\AppData\Local\Temp\1/cygwin-installation-files/http%3a%2f%2fmirrors.kernel.org%2fsourceware%2fcygwin%2f/x86_64/release/nettle/libnettle6/libnettle6-3.4.1-1.tar.xz
Extracting from file://C:\Users\appveyor\AppData\Local\Temp\1/cygwin-installation-files/http%3a%2f%2fmirrors.kernel.org%2fsourceware%2fcygwin%2f/x86_64/release/xz/liblzma5/liblzma5-5.2.4-1.tar.xz
Extracting from file://C:\Users\appveyor\AppData\Local\Temp\1/cygwin-installation-files/http%3a%2f%2fmirrors.kernel.org%2fsourceware%2fcygwin%2f/x86_64/release/lz4/liblz4_1/liblz4_1-1.7.5-1.tar.xz
Extracting from file://C:\Users\appveyor\AppData\Local\Temp\1/cygwin-installation-files/http%3a%2f%2fmirrors.kernel.org%2fsourceware%2fcygwin%2f/x86_64/release/libtool/libltdl7/libltdl7-2.4.6-7.tar.xz
Extracting from file://C:\Users\appveyor\AppData\Local\Temp\1/cygwin-installation-files/http%3a%2f%2fmirrors.kernel.org%2fsourceware%2fcygwin%2f/x86_64/release/libiconv/libiconv2/libiconv2-1.14-3.tar.xz
Extracting from file://C:\Users\appveyor\AppData\Local\Temp\1/cygwin-installation-files/http%3a%2f%2fmirrors.kernel.org%2fsourceware%2fcygwin%2f/x86_64/release/gmp/libgmp10/libgmp10-6.2.0-2.tar.xz
Extracting from file://C:\Users\appveyor\AppData\Local\Temp\1/cygwin-installation-files/http%3a%2f%2fmirrors.kernel.org%2fsourceware%2fcygwin%2f/x86_64/release/gcc/libgcc1/libgcc1-9.3.0-1.tar.xz
Extracting from file://C:\Users\appveyor\AppData\Local\Temp\1/cygwin-installation-files/http%3a%2f%2fmirrors.kernel.org%2fsourceware%2fcygwin%2f/x86_64/release/libffi/libffi6/libffi6-3.2.1-2.tar.xz
Extracting from file://C:\Users\appveyor\AppData\Local\Temp\1/cygwin-installation-files/http%3a%2f%2fmirrors.kernel.org%2fsourceware%2fcygwin%2f/x86_64/release/expat/libexpat1/libexpat1-2.2.6-1.tar.xz
Extracting from file://C:\Users\appveyor\AppData\Local\Temp\1/cygwin-installation-files/http%3a%2f%2fmirrors.kernel.org%2fsourceware%2fcygwin%2f/x86_64/release/libxcrypt/libcrypt2/libcrypt2-4.4.4-1.tar.xz
Extracting from file://C:\Users\appveyor\AppData\Local\Temp\1/cygwin-installation-files/http%3a%2f%2fmirrors.kernel.org%2fsourceware%2fcygwin%2f/x86_64/release/crypt/libcrypt0/libcrypt0-2.1-1.tar.xz
Extracting from file://C:\Users\appveyor\AppData\Local\Temp\1/cygwin-installation-files/http%3a%2f%2fmirrors.kernel.org%2fsourceware%2fcygwin%2f/x86_64/release/libcbor/libcbor-0.5.0-1.tar.xz
Extracting from file://C:\Users\appveyor\AppData\Local\Temp\1/cygwin-installation-files/http%3a%2f%2fmirrors.kernel.org%2fsourceware%2fcygwin%2f/x86_64/release/bzip2/libbz2_1/libbz2_1-1.0.8-1.tar.xz
Extracting from file://C:\Users\appveyor\AppData\Local\Temp\1/cygwin-installation-files/http%3a%2f%2fmirrors.kernel.org%2fsourceware%2fcygwin%2f/x86_64/release/brotli/libbrotlicommon1/libbrotlicommon1-1.0.7-1.tar.xz
Extracting from file://C:\Users\appveyor\AppData\Local\Temp\1/cygwin-installation-files/http%3a%2f%2fmirrors.kernel.org%2fsourceware%2fcygwin%2f/x86_64/release/gcc/libatomic1/libatomic1-9.3.0-1.tar.xz
Extracting from file://C:\Users\appveyor\AppData\Local\Temp\1/cygwin-installation-files/http%3a%2f%2fmirrors.kernel.org%2fsourceware%2fcygwin%2f/x86_64/release/libargp/libargp-20110921-3.tar.xz
Extracting from file://C:\Users\appveyor\AppData\Local\Temp\1/cygwin-installation-files/http%3a%2f%2fmirrors.kernel.org%2fsourceware%2fcygwin%2f/x86_64/release/ipc-utils/ipc-utils-1.0-2.tar.bz2
Extracting from file://C:\Users\appveyor\AppData\Local\Temp\1/cygwin-installation-files/http%3a%2f%2fmirrors.kernel.org%2fsourceware%2fcygwin%2f/x86_64/release/hostname/hostname-3.13-1.tar.bz2
Extracting from file://C:\Users\appveyor\AppData\Local\Temp\1/cygwin-installation-files/http%3a%2f%2fmirrors.kernel.org%2fsourceware%2fcygwin%2f/x86_64/release/editrights/editrights-1.03-1.tar.xz
Extracting from file://C:\Users\appveyor\AppData\Local\Temp\1/cygwin-installation-files/http%3a%2f%2fmirrors.kernel.org%2fsourceware%2fcygwin%2f/x86_64/release/dash/dash-0.5.9.1-1.tar.xz
Extracting from file://C:\Users\appveyor\AppData\Local\Temp\1/cygwin-installation-files/http%3a%2f%2fmirrors.kernel.org%2fsourceware%2fcygwin%2f/x86_64/release/cygrunsrv/cygrunsrv-1.62-1.tar.xz
Extracting from file://C:\Users\appveyor\AppData\Local\Temp\1/cygwin-installation-files/http%3a%2f%2fmirrors.kernel.org%2fsourceware%2fcygwin%2f/x86_64/release/ncurses/terminfo-extra/terminfo-extra-6.1-1.20190727.tar.xz
Extracting from file://C:\Users\appveyor\AppData\Local\Temp\1/cygwin-installation-files/http%3a%2f%2fmirrors.kernel.org%2fsourceware%2fcygwin%2f/x86_64/release/w32api-runtime/w32api-runtime-7.0.0-1.tar.xz
Extracting from file://C:\Users\appveyor\AppData\Local\Temp\1/cygwin-installation-files/http%3a%2f%2fmirrors.kernel.org%2fsourceware%2fcygwin%2f/x86_64/release/file/file-5.32-1.tar.xz
Extracting from file://C:\Users\appveyor\AppData\Local\Temp\1/cygwin-installation-files/http%3a%2f%2fmirrors.kernel.org%2fsourceware%2fcygwin%2f/x86_64/release/pkgconf/pkgconf-1.6.0-1.tar.xz
Extracting from file://C:\Users\appveyor\AppData\Local\Temp\1/cygwin-installation-files/http%3a%2f%2fmirrors.kernel.org%2fsourceware%2fcygwin%2f/x86_64/release/rsync/rsync-3.1.2-1.tar.xz
Extracting from file://C:\Users\appveyor\AppData\Local\Temp\1/cygwin-installation-files/http%3a%2f%2fmirrors.kernel.org%2fsourceware%2fcygwin%2f/x86_64/release/gettext/libintl8/libintl8-0.19.8.1-2.tar.xz
Extracting from file://C:\Users\appveyor\AppData\Local\Temp\1/cygwin-installation-files/http%3a%2f%2fmirrors.kernel.org%2fsourceware%2fcygwin%2f/x86_64/release/isl/libisl22/libisl22-0.22.1-2.tar.xz
Extracting from file://C:\Users\appveyor\AppData\Local\Temp\1/cygwin-installation-files/http%3a%2f%2fmirrors.kernel.org%2fsourceware%2fcygwin%2f/x86_64/release/nettle/libhogweed4/libhogweed4-3.4.1-1.tar.xz
Extracting from file://C:\Users\appveyor\AppData\Local\Temp\1/cygwin-installation-files/http%3a%2f%2fmirrors.kernel.org%2fsourceware%2fcygwin%2f/x86_64/release/libunistring/libunistring2/libunistring2-0.9.10-1.tar.xz
Extracting from file://C:\Users\appveyor\AppData\Local\Temp\1/cygwin-installation-files/http%3a%2f%2fmirrors.kernel.org%2fsourceware%2fcygwin%2f/x86_64/release/gcc/libstdc++6/libstdc++6-9.3.0-1.tar.xz
Extracting from file://C:\Users\appveyor\AppData\Local\Temp\1/cygwin-installation-files/http%3a%2f%2fmirrors.kernel.org%2fsourceware%2fcygwin%2f/x86_64/release/gcc/libquadmath0/libquadmath0-9.3.0-1.tar.xz
Extracting from file://C:\Users\appveyor\AppData\Local\Temp\1/cygwin-installation-files/http%3a%2f%2fmirrors.kernel.org%2fsourceware%2fcygwin%2f/x86_64/release/mpfr/libmpfr6/libmpfr6-4.0.2-1.tar.xz
Extracting from file://C:\Users\appveyor\AppData\Local\Temp\1/cygwin-installation-files/http%3a%2f%2fmirrors.kernel.org%2fsourceware%2fcygwin%2f/x86_64/release/gcc/libgomp1/libgomp1-9.3.0-1.tar.xz
Extracting from file://C:\Users\appveyor\AppData\Local\Temp\1/cygwin-installation-files/http%3a%2f%2fmirrors.kernel.org%2fsourceware%2fcygwin%2f/x86_64/release/libgc/libgc1/libgc1-8.0.4-1.tar.xz
Extracting from file://C:\Users\appveyor\AppData\Local\Temp\1/cygwin-installation-files/http%3a%2f%2fmirrors.kernel.org%2fsourceware%2fcygwin%2f/x86_64/release/e2fsprogs/libcom_err2/libcom_err2-1.44.5-1.tar.xz
Extracting from file://C:\Users\appveyor\AppData\Local\Temp\1/cygwin-installation-files/http%3a%2f%2fmirrors.kernel.org%2fsourceware%2fcygwin%2f/x86_64/release/perl/perl_base/perl_base-5.30.2-1.tar.xz
Extracting from file://C:\Users\appveyor\AppData\Local\Temp\1/cygwin-installation-files/http%3a%2f%2fmirrors.kernel.org%2fsourceware%2fcygwin%2f/x86_64/release/brotli/libbrotlidec1/libbrotlidec1-1.0.7-1.tar.xz
Extracting from file://C:\Users\appveyor\AppData\Local\Temp\1/cygwin-installation-files/http%3a%2f%2fmirrors.kernel.org%2fsourceware%2fcygwin%2f/x86_64/release/getent/getent-2.18.90-4.tar.xz
Extracting from file://C:\Users\appveyor\AppData\Local\Temp\1/cygwin-installation-files/http%3a%2f%2fmirrors.kernel.org%2fsourceware%2fcygwin%2f/noarch/release/_autorebase/_autorebase-001007-1.tar.xz
Extracting from file://C:\Users\appveyor\AppData\Local\Temp\1/cygwin-installation-files/http%3a%2f%2fmirrors.kernel.org%2fsourceware%2fcygwin%2f/x86_64/release/ncurses/libncursesw10/libncursesw10-6.1-1.20190727.tar.xz
Extracting from file://C:\Users\appveyor\AppData\Local\Temp\1/cygwin-installation-files/http%3a%2f%2fmirrors.kernel.org%2fsourceware%2fcygwin%2f/x86_64/release/sed/sed-4.4-1.tar.xz
Extracting from file://C:\Users\appveyor\AppData\Local\Temp\1/cygwin-installation-files/http%3a%2f%2fmirrors.kernel.org%2fsourceware%2fcygwin%2f/x86_64/release/util-linux/libuuid1/libuuid1-2.33.1-1.tar.xz
Extracting from file://C:\Users\appveyor\AppData\Local\Temp\1/cygwin-installation-files/http%3a%2f%2fmirrors.kernel.org%2fsourceware%2fcygwin%2f/x86_64/release/util-linux/libsmartcols1/libsmartcols1-2.33.1-1.tar.xz
Extracting from file://C:\Users\appveyor\AppData\Local\Temp\1/cygwin-installation-files/http%3a%2f%2fmirrors.kernel.org%2fsourceware%2fcygwin%2f/x86_64/release/popt/libpopt0/libpopt0-1.16-2.tar.xz
Extracting from file://C:\Users\appveyor\AppData\Local\Temp\1/cygwin-installation-files/http%3a%2f%2fmirrors.kernel.org%2fsourceware%2fcygwin%2f/x86_64/release/p11-kit/libp11-kit0/libp11-kit0-0.23.15-1.tar.xz
Extracting from file://C:\Users\appveyor\AppData\Local\Temp\1/cygwin-installation-files/http%3a%2f%2fmirrors.kernel.org%2fsourceware%2fcygwin%2f/x86_64/release/krb5/libkrb5support0/libkrb5support0-1.15.2-2.tar.xz
Extracting from file://C:\Users\appveyor\AppData\Local\Temp\1/cygwin-installation-files/http%3a%2f%2fmirrors.kernel.org%2fsourceware%2fcygwin%2f/x86_64/release/libiconv/libiconv-1.14-3.tar.xz
Extracting from file://C:\Users\appveyor\AppData\Local\Temp\1/cygwin-installation-files/http%3a%2f%2fmirrors.kernel.org%2fsourceware%2fcygwin%2f/x86_64/release/gdbm/libgdbm6/libgdbm6-1.18.1-1.tar.xz
Extracting from file://C:\Users\appveyor\AppData\Local\Temp\1/cygwin-installation-files/http%3a%2f%2fmirrors.kernel.org%2fsourceware%2fcygwin%2f/x86_64/release/gdbm/libgdbm4/libgdbm4-1.13-1.tar.xz
Extracting from file://C:\Users\appveyor\AppData\Local\Temp\1/cygwin-installation-files/http%3a%2f%2fmirrors.kernel.org%2fsourceware%2fcygwin%2f/x86_64/release/attr/libattr1/libattr1-2.4.48-2.tar.xz
Extracting from file://C:\Users\appveyor\AppData\Local\Temp\1/cygwin-installation-files/http%3a%2f%2fmirrors.kernel.org%2fsourceware%2fcygwin%2f/x86_64/release/diffutils/diffutils-3.5-2.tar.xz
Extracting from file://C:\Users\appveyor\AppData\Local\Temp\1/cygwin-installation-files/http%3a%2f%2fmirrors.kernel.org%2fsourceware%2fcygwin%2f/x86_64/release/binutils/binutils-2.34+1git.de9c1b7cfe-1.tar.xz
Extracting from file://C:\Users\appveyor\AppData\Local\Temp\1/cygwin-installation-files/http%3a%2f%2fmirrors.kernel.org%2fsourceware%2fcygwin%2f/x86_64/release/alternatives/alternatives-1.3.30c-10.tar.bz2
Extracting from file://C:\Users\appveyor\AppData\Local\Temp\1/cygwin-installation-files/http%3a%2f%2fmirrors.kernel.org%2fsourceware%2fcygwin%2f/x86_64/release/libidn2/libidn2_0/libidn2_0-2.2.0-1.tar.xz
Extracting from file://C:\Users\appveyor\AppData\Local\Temp\1/cygwin-installation-files/http%3a%2f%2fmirrors.kernel.org%2fsourceware%2fcygwin%2f/x86_64/release/ninja/ninja-1.10.0-1.tar.xz
Extracting from file://C:\Users\appveyor\AppData\Local\Temp\1/cygwin-installation-files/http%3a%2f%2fmirrors.kernel.org%2fsourceware%2fcygwin%2f/x86_64/release/jsoncpp/libjsoncpp19/libjsoncpp19-1.8.4-1.tar.xz
Extracting from file://C:\Users\appveyor\AppData\Local\Temp\1/cygwin-installation-files/http%3a%2f%2fmirrors.kernel.org%2fsourceware%2fcygwin%2f/x86_64/release/db/libdb5.3/libdb5.3-5.3.28-2.tar.xz
Extracting from file://C:\Users\appveyor\AppData\Local\Temp\1/cygwin-installation-files/http%3a%2f%2fmirrors.kernel.org%2fsourceware%2fcygwin%2f/x86_64/release/astyle/astyle-2.06-1.tar.xz
Extracting from file://C:\Users\appveyor\AppData\Local\Temp\1/cygwin-installation-files/http%3a%2f%2fmirrors.kernel.org%2fsourceware%2fcygwin%2f/x86_64/release/gcc/libgfortran4/libgfortran4-7.4.0-1.tar.xz
Extracting from file://C:\Users\appveyor\AppData\Local\Temp\1/cygwin-installation-files/http%3a%2f%2fmirrors.kernel.org%2fsourceware%2fcygwin%2f/x86_64/release/mpclib/libmpc3/libmpc3-1.1.0-1.tar.xz
Extracting from file://C:\Users\appveyor\AppData\Local\Temp\1/cygwin-installation-files/http%3a%2f%2fmirrors.kernel.org%2fsourceware%2fcygwin%2f/noarch/release/perl-TimeDate/perl-TimeDate-2.32-1.tar.xz
Extracting from file://C:\Users\appveyor\AppData\Local\Temp\1/cygwin-installation-files/http%3a%2f%2fmirrors.kernel.org%2fsourceware%2fcygwin%2f/x86_64/release/perl-TermReadKey/perl-TermReadKey-2.38-2.tar.xz
Extracting from file://C:\Users\appveyor\AppData\Local\Temp\1/cygwin-installation-files/http%3a%2f%2fmirrors.kernel.org%2fsourceware%2fcygwin%2f/noarch/release/perl-Error/perl-Error-0.17029-1.tar.xz
Extracting from file://C:\Users\appveyor\AppData\Local\Temp\1/cygwin-installation-files/http%3a%2f%2fmirrors.kernel.org%2fsourceware%2fcygwin%2f/x86_64/release/vim/vim-minimal/vim-minimal-8.1.1772-2.tar.xz
Extracting from file://C:\Users\appveyor\AppData\Local\Temp\1/cygwin-installation-files/http%3a%2f%2fmirrors.kernel.org%2fsourceware%2fcygwin%2f/x86_64/release/procps-ng/procps-ng-3.3.16-1.tar.xz
Extracting from file://C:\Users\appveyor\AppData\Local\Temp\1/cygwin-installation-files/http%3a%2f%2fmirrors.kernel.org%2fsourceware%2fcygwin%2f/x86_64/release/ncurses/ncurses-6.1-1.20190727.tar.xz
Extracting from file://C:\Users\appveyor\AppData\Local\Temp\1/cygwin-installation-files/http%3a%2f%2fmirrors.kernel.org%2fsourceware%2fcygwin%2f/x86_64/release/nano/nano-4.3-1.tar.xz
Extracting from file://C:\Users\appveyor\AppData\Local\Temp\1/cygwin-installation-files/http%3a%2f%2fmirrors.kernel.org%2fsourceware%2fcygwin%2f/x86_64/release/readline/libreadline7/libreadline7-7.0.3-3.tar.xz
Extracting from file://C:\Users\appveyor\AppData\Local\Temp\1/cygwin-installation-files/http%3a%2f%2fmirrors.kernel.org%2fsourceware%2fcygwin%2f/x86_64/release/libedit/libedit0/libedit0-20130712-1.tar.xz
Extracting from file://C:\Users\appveyor\AppData\Local\Temp\1/cygwin-installation-files/http%3a%2f%2fmirrors.kernel.org%2fsourceware%2fcygwin%2f/x86_64/release/less/less-551-1.tar.xz
Extracting from file://C:\Users\appveyor\AppData\Local\Temp\1/cygwin-installation-files/http%3a%2f%2fmirrors.kernel.org%2fsourceware%2fcygwin%2f/x86_64/release/texinfo/info/info-6.7-1.tar.xz
Extracting from file://C:\Users\appveyor\AppData\Local\Temp\1/cygwin-installation-files/http%3a%2f%2fmirrors.kernel.org%2fsourceware%2fcygwin%2f/x86_64/release/util-linux/libblkid1/libblkid1-2.33.1-1.tar.xz
Extracting from file://C:\Users\appveyor\AppData\Local\Temp\1/cygwin-installation-files/http%3a%2f%2fmirrors.kernel.org%2fsourceware%2fcygwin%2f/x86_64/release/cygutils/cygutils-1.4.16-2.tar.xz
Extracting from file://C:\Users\appveyor\AppData\Local\Temp\1/cygwin-installation-files/http%3a%2f%2fmirrors.kernel.org%2fsourceware%2fcygwin%2f/x86_64/release/p11-kit/p11-kit-trust/p11-kit-trust-0.23.15-1.tar.xz
Extracting from file://C:\Users\appveyor\AppData\Local\Temp\1/cygwin-installation-files/http%3a%2f%2fmirrors.kernel.org%2fsourceware%2fcygwin%2f/x86_64/release/p11-kit/p11-kit-0.23.15-1.tar.xz
Extracting from file://C:\Users\appveyor\AppData\Local\Temp\1/cygwin-installation-files/http%3a%2f%2fmirrors.kernel.org%2fsourceware%2fcygwin%2f/x86_64/release/krb5/libk5crypto3/libk5crypto3-1.15.2-2.tar.xz
Extracting from file://C:\Users\appveyor\AppData\Local\Temp\1/cygwin-installation-files/http%3a%2f%2fmirrors.kernel.org%2fsourceware%2fcygwin%2f/x86_64/release/gdbm/libgdbm_compat4/libgdbm_compat4-1.18.1-1.tar.xz
Extracting from file://C:\Users\appveyor\AppData\Local\Temp\1/cygwin-installation-files/http%3a%2f%2fmirrors.kernel.org%2fsourceware%2fcygwin%2f/x86_64/release/patch/patch-2.7.4-1.tar.xz
Extracting from file://C:\Users\appveyor\AppData\Local\Temp\1/cygwin-installation-files/http%3a%2f%2fmirrors.kernel.org%2fsourceware%2fcygwin%2f/x86_64/release/libpsl/libpsl5/libpsl5-0.21.0-1.tar.xz
Extracting from file://C:\Users\appveyor\AppData\Local\Temp\1/cygwin-installation-files/http%3a%2f%2fmirrors.kernel.org%2fsourceware%2fcygwin%2f/x86_64/release/lapack/liblapack0/liblapack0-3.9.0-2.tar.xz
Extracting from file://C:\Users\appveyor\AppData\Local\Temp\1/cygwin-installation-files/http%3a%2f%2fmirrors.kernel.org%2fsourceware%2fcygwin%2f/x86_64/release/moreutils/moreutils-0.62-1.tar.xz
Extracting from file://C:\Users\appveyor\AppData\Local\Temp\1/cygwin-installation-files/http%3a%2f%2fmirrors.kernel.org%2fsourceware%2fcygwin%2f/x86_64/release/libxml2/libxml2-2.9.9-2.tar.xz
Extracting from file://C:\Users\appveyor\AppData\Local\Temp\1/cygwin-installation-files/http%3a%2f%2fmirrors.kernel.org%2fsourceware%2fcygwin%2f/x86_64/release/guile2.2/libguile2.2_1/libguile2.2_1-2.2.7-1.tar.xz
Extracting from file://C:\Users\appveyor\AppData\Local\Temp\1/cygwin-installation-files/http%3a%2f%2fmirrors.kernel.org%2fsourceware%2fcygwin%2f/x86_64/release/gawk/gawk-5.0.1-1.tar.xz
Extracting from file://C:\Users\appveyor\AppData\Local\Temp\1/cygwin-installation-files/http%3a%2f%2fmirrors.kernel.org%2fsourceware%2fcygwin%2f/x86_64/release/coreutils/coreutils-8.26-2.tar.xz
Extracting from file://C:\Users\appveyor\AppData\Local\Temp\1/cygwin-installation-files/http%3a%2f%2fmirrors.kernel.org%2fsourceware%2fcygwin%2f/x86_64/release/util-linux/libfdisk1/libfdisk1-2.33.1-1.tar.xz
Extracting from file://C:\Users\appveyor\AppData\Local\Temp\1/cygwin-installation-files/http%3a%2f%2fmirrors.kernel.org%2fsourceware%2fcygwin%2f/x86_64/release/krb5/libkrb5_3/libkrb5_3-1.15.2-2.tar.xz
Extracting from file://C:\Users\appveyor\AppData\Local\Temp\1/cygwin-installation-files/http%3a%2f%2fmirrors.kernel.org%2fsourceware%2fcygwin%2f/x86_64/release/perl/perl-5.30.2-1.tar.xz
Extracting from file://C:\Users\appveyor\AppData\Local\Temp\1/cygwin-installation-files/http%3a%2f%2fmirrors.kernel.org%2fsourceware%2fcygwin%2f/x86_64/release/libarchive/libarchive13/libarchive13-3.3.2-1.tar.xz
Extracting from file://C:\Users\appveyor\AppData\Local\Temp\1/cygwin-installation-files/http%3a%2f%2fmirrors.kernel.org%2fsourceware%2fcygwin%2f/x86_64/release/make/make-4.3-1.tar.xz
Extracting from file://C:\Users\appveyor\AppData\Local\Temp\1/cygwin-installation-files/http%3a%2f%2fmirrors.kernel.org%2fsourceware%2fcygwin%2f/x86_64/release/bash/bash-4.4.12-3.tar.xz
Extracting from file://C:\Users\appveyor\AppData\Local\Temp\1/cygwin-installation-files/http%3a%2f%2fmirrors.kernel.org%2fsourceware%2fcygwin%2f/x86_64/release/util-linux/util-linux-2.33.1-1.tar.xz
Extracting from file://C:\Users\appveyor\AppData\Local\Temp\1/cygwin-installation-files/http%3a%2f%2fmirrors.kernel.org%2fsourceware%2fcygwin%2f/x86_64/release/krb5/libgssapi_krb5_2/libgssapi_krb5_2-1.15.2-2.tar.xz
Extracting from file://C:\Users\appveyor\AppData\Local\Temp\1/cygwin-installation-files/http%3a%2f%2fmirrors.kernel.org%2fsourceware%2fcygwin%2f/x86_64/release/perl-Scalar-List-Utils/perl-Scalar-List-Utils-1.54-1.tar.xz
Extracting from file://C:\Users\appveyor\AppData\Local\Temp\1/cygwin-installation-files/http%3a%2f%2fmirrors.kernel.org%2fsourceware%2fcygwin%2f/x86_64/release/tzcode/tzcode-2019c-1.tar.xz
Extracting from file://C:\Users\appveyor\AppData\Local\Temp\1/cygwin-installation-files/http%3a%2f%2fmirrors.kernel.org%2fsourceware%2fcygwin%2f/x86_64/release/libtirpc/libtirpc3/libtirpc3-1.1.4-1.tar.xz
Extracting from file://C:\Users\appveyor\AppData\Local\Temp\1/cygwin-installation-files/http%3a%2f%2fmirrors.kernel.org%2fsourceware%2fcygwin%2f/x86_64/release/xz/xz-5.2.4-1.tar.xz
Extracting from file://C:\Users\appveyor\AppData\Local\Temp\1/cygwin-installation-files/http%3a%2f%2fmirrors.kernel.org%2fsourceware%2fcygwin%2f/x86_64/release/unzip/unzip-6.0-17.tar.xz
Extracting from file://C:\Users\appveyor\AppData\Local\Temp\1/cygwin-installation-files/http%3a%2f%2fmirrors.kernel.org%2fsourceware%2fcygwin%2f/x86_64/release/pkgconf/pkg-config/pkg-config-1.6.0-1.tar.xz
Extracting from file://C:\Users\appveyor\AppData\Local\Temp\1/cygwin-installation-files/http%3a%2f%2fmirrors.kernel.org%2fsourceware%2fcygwin%2f/x86_64/release/gzip/gzip-1.8-1.tar.xz
Extracting from file://C:\Users\appveyor\AppData\Local\Temp\1/cygwin-installation-files/http%3a%2f%2fmirrors.kernel.org%2fsourceware%2fcygwin%2f/x86_64/release/groff/groff-1.22.4-1.tar.xz
Extracting from file://C:\Users\appveyor\AppData\Local\Temp\1/cygwin-installation-files/http%3a%2f%2fmirrors.kernel.org%2fsourceware%2fcygwin%2f/x86_64/release/grep/grep-3.0-2.tar.xz
Extracting from file://C:\Users\appveyor\AppData\Local\Temp\1/cygwin-installation-files/http%3a%2f%2fmirrors.kernel.org%2fsourceware%2fcygwin%2f/x86_64/release/gcc/gcc-core/gcc-core-9.3.0-1.tar.xz
Extracting from file://C:\Users\appveyor\AppData\Local\Temp\1/cygwin-installation-files/http%3a%2f%2fmirrors.kernel.org%2fsourceware%2fcygwin%2f/x86_64/release/findutils/findutils-4.6.0-1.tar.xz
Extracting from file://C:\Users\appveyor\AppData\Local\Temp\1/cygwin-installation-files/http%3a%2f%2fmirrors.kernel.org%2fsourceware%2fcygwin%2f/noarch/release/crypto-policies/crypto-policies-20190218-1.tar.xz
Extracting from file://C:\Users\appveyor\AppData\Local\Temp\1/cygwin-installation-files/http%3a%2f%2fmirrors.kernel.org%2fsourceware%2fcygwin%2f/noarch/release/ca-certificates/ca-certificates-2.32-1.tar.xz
Extracting from file://C:\Users\appveyor\AppData\Local\Temp\1/cygwin-installation-files/http%3a%2f%2fmirrors.kernel.org%2fsourceware%2fcygwin%2f/x86_64/release/bzip2/bzip2-1.0.8-1.tar.xz
Extracting from file://C:\Users\appveyor\AppData\Local\Temp\1/cygwin-installation-files/http%3a%2f%2fmirrors.kernel.org%2fsourceware%2fcygwin%2f/noarch/release/bash-completion/bash-completion-2.7-1.tar.xz
Extracting from file://C:\Users\appveyor\AppData\Local\Temp\1/cygwin-installation-files/http%3a%2f%2fmirrors.kernel.org%2fsourceware%2fcygwin%2f/x86_64/release/libnsl/libnsl2/libnsl2-1.2.0-1.tar.xz
Extracting from file://C:\Users\appveyor\AppData\Local\Temp\1/cygwin-installation-files/http%3a%2f%2fmirrors.kernel.org%2fsourceware%2fcygwin%2f/x86_64/release/util-linux/libuuid-devel/libuuid-devel-2.33.1-1.tar.xz
Extracting from file://C:\Users\appveyor\AppData\Local\Temp\1/cygwin-installation-files/http%3a%2f%2fmirrors.kernel.org%2fsourceware%2fcygwin%2f/x86_64/release/man-db/man-db-2.7.6.1-1.tar.xz
Extracting from file://C:\Users\appveyor\AppData\Local\Temp\1/cygwin-installation-files/http%3a%2f%2fmirrors.kernel.org%2fsourceware%2fcygwin%2f/x86_64/release/rebase/rebase-4.4.4-1.tar.xz
Extracting from file://C:\Users\appveyor\AppData\Local\Temp\1/cygwin-installation-files/http%3a%2f%2fmirrors.kernel.org%2fsourceware%2fcygwin%2f/x86_64/release/csih/csih-0.9.11-1.tar.xz
Extracting from file://C:\Users\appveyor\AppData\Local\Temp\1/cygwin-installation-files/http%3a%2f%2fmirrors.kernel.org%2fsourceware%2fcygwin%2f/x86_64/release/gcc/gcc-g++/gcc-g++-9.3.0-1.tar.xz
Extracting from file://C:\Users\appveyor\AppData\Local\Temp\1/cygwin-installation-files/http%3a%2f%2fmirrors.kernel.org%2fsourceware%2fcygwin%2f/noarch/release/base-files/base-files-4.3-2.tar.xz
Extracting from file://C:\Users\appveyor\AppData\Local\Temp\1/cygwin-installation-files/http%3a%2f%2fmirrors.kernel.org%2fsourceware%2fcygwin%2f/x86_64/release/openssl/libssl1.1/libssl1.1-1.1.1d-1.tar.xz
Extracting from file://C:\Users\appveyor\AppData\Local\Temp\1/cygwin-installation-files/http%3a%2f%2fmirrors.kernel.org%2fsourceware%2fcygwin%2f/x86_64/release/gnutls/libgnutls30/libgnutls30-3.6.9-1.tar.xz
Extracting from file://C:\Users\appveyor\AppData\Local\Temp\1/cygwin-installation-files/http%3a%2f%2fmirrors.kernel.org%2fsourceware%2fcygwin%2f/x86_64/release/tar/tar-1.29-1.tar.xz
Extracting from file://C:\Users\appveyor\AppData\Local\Temp\1/cygwin-installation-files/http%3a%2f%2fmirrors.kernel.org%2fsourceware%2fcygwin%2f/x86_64/release/python36/python36-3.6.9-1.tar.xz
Extracting from file://C:\Users\appveyor\AppData\Local\Temp\1/cygwin-installation-files/http%3a%2f%2fmirrors.kernel.org%2fsourceware%2fcygwin%2f/x86_64/release/python2/python27/python27-2.7.16-1.tar.xz
Extracting from file://C:\Users\appveyor\AppData\Local\Temp\1/cygwin-installation-files/http%3a%2f%2fmirrors.kernel.org%2fsourceware%2fcygwin%2f/x86_64/release/openssl/openssl-1.1.1d-1.tar.xz
Extracting from file://C:\Users\appveyor\AppData\Local\Temp\1/cygwin-installation-files/http%3a%2f%2fmirrors.kernel.org%2fsourceware%2fcygwin%2f/x86_64/release/libssh/libssh4/libssh4-0.8.7-1.tar.xz
Extracting from file://C:\Users\appveyor\AppData\Local\Temp\1/cygwin-installation-files/http%3a%2f%2fmirrors.kernel.org%2fsourceware%2fcygwin%2f/x86_64/release/openldap/libopenldap2_4_2/libopenldap2_4_2-2.4.49-1.tar.xz
Extracting from file://C:\Users\appveyor\AppData\Local\Temp\1/cygwin-installation-files/http%3a%2f%2fmirrors.kernel.org%2fsourceware%2fcygwin%2f/x86_64/release/libfido2/libfido2-1.3.0-2.tar.xz
Extracting from file://C:\Users\appveyor\AppData\Local\Temp\1/cygwin-installation-files/http%3a%2f%2fmirrors.kernel.org%2fsourceware%2fcygwin%2f/x86_64/release/wget/wget-1.19.1-2.tar.xz
Extracting from file://C:\Users\appveyor\AppData\Local\Temp\1/cygwin-installation-files/http%3a%2f%2fmirrors.kernel.org%2fsourceware%2fcygwin%2f/noarch/release/python-setuptools/python36-setuptools/python36-setuptools-41.2.0-1.tar.xz
Extracting from file://C:\Users\appveyor\AppData\Local\Temp\1/cygwin-installation-files/http%3a%2f%2fmirrors.kernel.org%2fsourceware%2fcygwin%2f/x86_64/release/python-markupsafe/python36-markupsafe/python36-markupsafe-1.1.1-1.tar.xz
Extracting from file://C:\Users\appveyor\AppData\Local\Temp\1/cygwin-installation-files/http%3a%2f%2fmirrors.kernel.org%2fsourceware%2fcygwin%2f/x86_64/release/python3/python3-3.6.8-1.tar.xz
Extracting from file://C:\Users\appveyor\AppData\Local\Temp\1/cygwin-installation-files/http%3a%2f%2fmirrors.kernel.org%2fsourceware%2fcygwin%2f/noarch/release/python-setuptools/python27-setuptools/python27-setuptools-41.2.0-1.tar.xz
Extracting from file://C:\Users\appveyor\AppData\Local\Temp\1/cygwin-installation-files/http%3a%2f%2fmirrors.kernel.org%2fsourceware%2fcygwin%2f/x86_64/release/python-markupsafe/python27-markupsafe/python27-markupsafe-1.1.1-1.tar.xz
Extracting from file://C:\Users\appveyor\AppData\Local\Temp\1/cygwin-installation-files/http%3a%2f%2fmirrors.kernel.org%2fsourceware%2fcygwin%2f/x86_64/release/gdb/gdb-8.2.1-1.tar.xz
Extracting from file://C:\Users\appveyor\AppData\Local\Temp\1/cygwin-installation-files/http%3a%2f%2fmirrors.kernel.org%2fsourceware%2fcygwin%2f/x86_64/release/cyrus-sasl/libsasl2_3/libsasl2_3-2.1.27-1.tar.xz
Extracting from file://C:\Users\appveyor\AppData\Local\Temp\1/cygwin-installation-files/http%3a%2f%2fmirrors.kernel.org%2fsourceware%2fcygwin%2f/x86_64/release/openssh/openssh-8.2p1-1.tar.xz
Extracting from file://C:\Users\appveyor\AppData\Local\Temp\1/cygwin-installation-files/http%3a%2f%2fmirrors.kernel.org%2fsourceware%2fcygwin%2f/noarch/release/python-pip/python36-pip/python36-pip-19.2.3-1.tar.xz
Extracting from file://C:\Users\appveyor\AppData\Local\Temp\1/cygwin-installation-files/http%3a%2f%2fmirrors.kernel.org%2fsourceware%2fcygwin%2f/x86_64/release/python-numpy/python36-numpy/python36-numpy-1.16.2-1.tar.xz
Extracting from file://C:\Users\appveyor\AppData\Local\Temp\1/cygwin-installation-files/http%3a%2f%2fmirrors.kernel.org%2fsourceware%2fcygwin%2f/noarch/release/python-jinja2/python36-jinja2/python36-jinja2-2.10-1.tar.xz
Extracting from file://C:\Users\appveyor\AppData\Local\Temp\1/cygwin-installation-files/http%3a%2f%2fmirrors.kernel.org%2fsourceware%2fcygwin%2f/noarch/release/python-pip/python27-pip/python27-pip-19.2.3-1.tar.xz
Extracting from file://C:\Users\appveyor\AppData\Local\Temp\1/cygwin-installation-files/http%3a%2f%2fmirrors.kernel.org%2fsourceware%2fcygwin%2f/x86_64/release/python-numpy/python27-numpy/python27-numpy-1.16.2-1.tar.xz
Extracting from file://C:\Users\appveyor\AppData\Local\Temp\1/cygwin-installation-files/http%3a%2f%2fmirrors.kernel.org%2fsourceware%2fcygwin%2f/noarch/release/python-jinja2/python27-jinja2/python27-jinja2-2.10-1.tar.xz
Extracting from file://C:\Users\appveyor\AppData\Local\Temp\1/cygwin-installation-files/http%3a%2f%2fmirrors.kernel.org%2fsourceware%2fcygwin%2f/x86_64/release/curl/libcurl4/libcurl4-7.66.0-1.tar.xz
Extracting from file://C:\Users\appveyor\AppData\Local\Temp\1/cygwin-installation-files/http%3a%2f%2fmirrors.kernel.org%2fsourceware%2fcygwin%2f/x86_64/release/curl/libcurl-devel/libcurl-devel-7.66.0-1.tar.xz
Extracting from file://C:\Users\appveyor\AppData\Local\Temp\1/cygwin-installation-files/http%3a%2f%2fmirrors.kernel.org%2fsourceware%2fcygwin%2f/x86_64/release/git/git-2.21.0-1.tar.xz
Extracting from file://C:\Users\appveyor\AppData\Local\Temp\1/cygwin-installation-files/http%3a%2f%2fmirrors.kernel.org%2fsourceware%2fcygwin%2f/x86_64/release/cmake/cmake-3.14.5-1.tar.xz
Changing gid back to original
running: C:\projects\windows-toolchain\toolchain\cygwin64\bin\dash.exe "/etc/postinstall/0p_000_autorebase.dash"
running: C:\projects\windows-toolchain\toolchain\cygwin64\bin\dash.exe "/etc/postinstall/0p_update-info-dir.dash"
running: C:\projects\windows-toolchain\toolchain\cygwin64\bin\bash.exe --norc --noprofile "/etc/postinstall/000-cygwin-post-install.sh"
running: C:\projects\windows-toolchain\toolchain\cygwin64\bin\bash.exe --norc --noprofile "/etc/postinstall/coreutils.sh"
running: C:\projects\windows-toolchain\toolchain\cygwin64\bin\bash.exe --norc --noprofile "/etc/postinstall/bash.sh"
running: C:\projects\windows-toolchain\toolchain\cygwin64\bin\bash.exe --norc --noprofile "/etc/postinstall/base-files-mketc.sh"
running: C:\projects\windows-toolchain\toolchain\cygwin64\bin\bash.exe --norc --noprofile "/etc/postinstall/base-files-profile.sh"
running: C:\projects\windows-toolchain\toolchain\cygwin64\bin\bash.exe --norc --noprofile "/etc/postinstall/p11-kit.sh"
running: C:\projects\windows-toolchain\toolchain\cygwin64\bin\bash.exe --norc --noprofile "/etc/postinstall/ca-certificates.sh"
running: C:\projects\windows-toolchain\toolchain\cygwin64\bin\bash.exe --norc --noprofile "/etc/postinstall/libxml2.sh"
running: C:\projects\windows-toolchain\toolchain\cygwin64\bin\bash.exe --norc --noprofile "/etc/postinstall/crypto-policies.sh"
running: C:\projects\windows-toolchain\toolchain\cygwin64\bin\bash.exe --norc --noprofile "/etc/postinstall/openssl.sh"
running: C:\projects\windows-toolchain\toolchain\cygwin64\bin\bash.exe --norc --noprofile "/etc/postinstall/libsasl2_3.sh"
running: C:\projects\windows-toolchain\toolchain\cygwin64\bin\bash.exe --norc --noprofile "/etc/postinstall/openssh.sh"
running: C:\projects\windows-toolchain\toolchain\cygwin64\bin\bash.exe --norc --noprofile "/etc/postinstall/libtirpc.sh"
running: C:\projects\windows-toolchain\toolchain\cygwin64\bin\bash.exe --norc --noprofile "/etc/postinstall/man-db.sh"
running: C:\projects\windows-toolchain\toolchain\cygwin64\bin\bash.exe --norc --noprofile "/etc/postinstall/mintty.sh"
running: C:\projects\windows-toolchain\toolchain\cygwin64\bin\bash.exe --norc --noprofile "/etc/postinstall/wget.sh"
running: C:\projects\windows-toolchain\toolchain\cygwin64\bin\bash.exe --norc --noprofile "/etc/postinstall/zp_man-db.sh"
Changing gid to Administrators
Ending cygwin install
